  AtumDBHelper.cpp
  AtumDBManager.cpp
  AtumDateTime.cpp
  AtumParamProtocol.cpp
  AtumParamProtocolFunctions.cpp
  AtumThread.cpp
  BrowseForFolder.cpp
  CommandHistory.cpp
  Global.cpp
  GlobalGameServer.cpp
  GridCell.cpp
  GridCellBase.cpp
  GridCtrl.cpp
  GridDropTarget.cpp
  InPlaceEdit.cpp
  TitleTip.cpp
  HttpManager.cpp
  IOCP.cpp
  IOCPSocket.cpp
  Localization.cpp
  Compiling...
  MTAutoCriticalSection.cpp
  MTCriticalSection.cpp
  ODBCStatement.cpp
  Overlapped.cpp
  QueueINT.cpp
  SCServerDBConnDlg.cpp
  SQLReader.cpp
  SocketHeader.cpp
  SystemLogManager.cpp
  ThreadCheck.cpp
  TickManager.cpp
  VMem.cpp
  VMemPool.cpp
  WayPointManager.cpp
  WinPacket.cpp
  WinSocket.cpp
  XOR_Lib.cpp
  historycombobox.cpp
  md5_lib_src.cpp
  AdminWindowDlg.cpp
  Compiling...
  AtumMonitor.cpp
  AtumMonitorDoc.cpp
  AtumMonitorView.cpp
  CheckDBData.cpp
  CheckItemDialog.cpp
  ClientFTPUpdateManagerDlg.cpp
  DlgNewServerGroup.cpp
  FieldServerDlg.cpp
  InfoGenDlg.cpp
  LeftView.cpp
  MainFrm.cpp
  TrayIcon.cpp
  DataHeader.cpp
  TotalHeader.cpp
  Zipfile1.cpp
  zipfileDlg.cpp
  MonitorTickManager.cpp
  MyFileDialog.cpp
  PreUserCountDlg.cpp
  PringDBGDlg.cpp
  Compiling...
  RecordProgress.cpp
  SQLReaderDlg.cpp
  SelectServerDlg.cpp
  SetCityWarTimeDlg.cpp
  SetMGameEventTypeDlg.cpp
  StdAfx.cpp
  TableName.cpp
  TotalProgress.cpp
  MonitorNode.cpp
  MonitorWinSocket.cpp
  Generating code
  Previous IPDB and IOBJ mismatch, fall back to full compilation.
  All 6363 functions were compiled because no usable IPDB/IOBJ from previous compilation was found.
  Finished generating code
  AtumMonitor.vcxproj -> D:\RatRivals26\Source\Build\Tools\AtumMonitor.exe
