d:\ratrivals26\source\intermediate\atummonitor\r_wikigames_eng_win32\atummonitor.bsc
d:\ratrivals26\source\intermediate\atummonitor\r_wikigames_eng_win32\vc145.pdb
d:\ratrivals26\source\intermediate\atummonitor\r_wikigames_eng_win32\globalgameserver.sbr
d:\ratrivals26\source\intermediate\atummonitor\r_wikigames_eng_win32\gridcell.sbr
d:\ratrivals26\source\intermediate\atummonitor\r_wikigames_eng_win32\gridcellbase.sbr
d:\ratrivals26\source\intermediate\atummonitor\r_wikigames_eng_win32\gridctrl.sbr
d:\ratrivals26\source\intermediate\atummonitor\r_wikigames_eng_win32\griddroptarget.sbr
d:\ratrivals26\source\intermediate\atummonitor\r_wikigames_eng_win32\inplaceedit.sbr
d:\ratrivals26\source\intermediate\atummonitor\r_wikigames_eng_win32\titletip.sbr
d:\ratrivals26\source\intermediate\atummonitor\r_wikigames_eng_win32\httpmanager.sbr
d:\ratrivals26\source\intermediate\atummonitor\r_wikigames_eng_win32\iocp.sbr
d:\ratrivals26\source\intermediate\atummonitor\r_wikigames_eng_win32\iocpsocket.sbr
d:\ratrivals26\source\intermediate\atummonitor\r_wikigames_eng_win32\localization.sbr
d:\ratrivals26\source\intermediate\atummonitor\r_wikigames_eng_win32\mtautocriticalsection.sbr
d:\ratrivals26\source\intermediate\atummonitor\r_wikigames_eng_win32\mtcriticalsection.sbr
d:\ratrivals26\source\intermediate\atummonitor\r_wikigames_eng_win32\odbcstatement.sbr
d:\ratrivals26\source\intermediate\atummonitor\r_wikigames_eng_win32\overlapped.sbr
d:\ratrivals26\source\intermediate\atummonitor\r_wikigames_eng_win32\queueint.sbr
d:\ratrivals26\source\intermediate\atummonitor\r_wikigames_eng_win32\scserverdbconndlg.sbr
d:\ratrivals26\source\intermediate\atummonitor\r_wikigames_eng_win32\sqlreader.sbr
d:\ratrivals26\source\intermediate\atummonitor\r_wikigames_eng_win32\socketheader.sbr
d:\ratrivals26\source\intermediate\atummonitor\r_wikigames_eng_win32\systemlogmanager.sbr
d:\ratrivals26\source\intermediate\atummonitor\r_wikigames_eng_win32\systemlogmanager.obj
d:\ratrivals26\source\intermediate\atummonitor\r_wikigames_eng_win32\socketheader.obj
d:\ratrivals26\source\intermediate\atummonitor\r_wikigames_eng_win32\sqlreader.obj
d:\ratrivals26\source\intermediate\atummonitor\r_wikigames_eng_win32\scserverdbconndlg.obj
d:\ratrivals26\source\intermediate\atummonitor\r_wikigames_eng_win32\queueint.obj
d:\ratrivals26\source\intermediate\atummonitor\r_wikigames_eng_win32\overlapped.obj
d:\ratrivals26\source\intermediate\atummonitor\r_wikigames_eng_win32\odbcstatement.obj
d:\ratrivals26\source\intermediate\atummonitor\r_wikigames_eng_win32\mtcriticalsection.obj
d:\ratrivals26\source\intermediate\atummonitor\r_wikigames_eng_win32\mtautocriticalsection.obj
d:\ratrivals26\source\intermediate\atummonitor\r_wikigames_eng_win32\localization.obj
d:\ratrivals26\source\intermediate\atummonitor\r_wikigames_eng_win32\iocpsocket.obj
d:\ratrivals26\source\intermediate\atummonitor\r_wikigames_eng_win32\iocp.obj
d:\ratrivals26\source\intermediate\atummonitor\r_wikigames_eng_win32\httpmanager.obj
d:\ratrivals26\source\intermediate\atummonitor\r_wikigames_eng_win32\titletip.obj
d:\ratrivals26\source\intermediate\atummonitor\r_wikigames_eng_win32\inplaceedit.obj
d:\ratrivals26\source\intermediate\atummonitor\r_wikigames_eng_win32\griddroptarget.obj
d:\ratrivals26\source\intermediate\atummonitor\r_wikigames_eng_win32\gridctrl.obj
d:\ratrivals26\source\intermediate\atummonitor\r_wikigames_eng_win32\gridcellbase.obj
d:\ratrivals26\source\intermediate\atummonitor\r_wikigames_eng_win32\gridcell.obj
d:\ratrivals26\source\intermediate\atummonitor\r_wikigames_eng_win32\globalgameserver.obj
d:\ratrivals26\source\intermediate\atummonitor\r_wikigames_eng_win32\threadcheck.sbr
d:\ratrivals26\source\intermediate\atummonitor\r_wikigames_eng_win32\tickmanager.sbr
d:\ratrivals26\source\intermediate\atummonitor\r_wikigames_eng_win32\vmem.sbr
d:\ratrivals26\source\intermediate\atummonitor\r_wikigames_eng_win32\vmempool.sbr
d:\ratrivals26\source\intermediate\atummonitor\r_wikigames_eng_win32\waypointmanager.sbr
d:\ratrivals26\source\intermediate\atummonitor\r_wikigames_eng_win32\winpacket.sbr
d:\ratrivals26\source\intermediate\atummonitor\r_wikigames_eng_win32\winsocket.sbr
d:\ratrivals26\source\intermediate\atummonitor\r_wikigames_eng_win32\xor_lib.sbr
d:\ratrivals26\source\intermediate\atummonitor\r_wikigames_eng_win32\historycombobox.sbr
d:\ratrivals26\source\intermediate\atummonitor\r_wikigames_eng_win32\md5_lib_src.sbr
d:\ratrivals26\source\intermediate\atummonitor\r_wikigames_eng_win32\adminwindowdlg.sbr
d:\ratrivals26\source\intermediate\atummonitor\r_wikigames_eng_win32\atummonitor.sbr
d:\ratrivals26\source\intermediate\atummonitor\r_wikigames_eng_win32\atummonitordoc.sbr
d:\ratrivals26\source\intermediate\atummonitor\r_wikigames_eng_win32\atummonitorview.sbr
d:\ratrivals26\source\intermediate\atummonitor\r_wikigames_eng_win32\checkdbdata.sbr
d:\ratrivals26\source\intermediate\atummonitor\r_wikigames_eng_win32\checkitemdialog.sbr
d:\ratrivals26\source\intermediate\atummonitor\r_wikigames_eng_win32\clientftpupdatemanagerdlg.sbr
d:\ratrivals26\source\intermediate\atummonitor\r_wikigames_eng_win32\dlgnewservergroup.sbr
d:\ratrivals26\source\intermediate\atummonitor\r_wikigames_eng_win32\fieldserverdlg.sbr
d:\ratrivals26\source\intermediate\atummonitor\r_wikigames_eng_win32\infogendlg.sbr
d:\ratrivals26\source\intermediate\atummonitor\r_wikigames_eng_win32\infogendlg.obj
d:\ratrivals26\source\intermediate\atummonitor\r_wikigames_eng_win32\fieldserverdlg.obj
d:\ratrivals26\source\intermediate\atummonitor\r_wikigames_eng_win32\dlgnewservergroup.obj
d:\ratrivals26\source\intermediate\atummonitor\r_wikigames_eng_win32\clientftpupdatemanagerdlg.obj
d:\ratrivals26\source\intermediate\atummonitor\r_wikigames_eng_win32\checkitemdialog.obj
d:\ratrivals26\source\intermediate\atummonitor\r_wikigames_eng_win32\checkdbdata.obj
d:\ratrivals26\source\intermediate\atummonitor\r_wikigames_eng_win32\atummonitorview.obj
d:\ratrivals26\source\intermediate\atummonitor\r_wikigames_eng_win32\atummonitordoc.obj
d:\ratrivals26\source\intermediate\atummonitor\r_wikigames_eng_win32\atummonitor.obj
d:\ratrivals26\source\intermediate\atummonitor\r_wikigames_eng_win32\adminwindowdlg.obj
d:\ratrivals26\source\intermediate\atummonitor\r_wikigames_eng_win32\md5_lib_src.obj
d:\ratrivals26\source\intermediate\atummonitor\r_wikigames_eng_win32\historycombobox.obj
d:\ratrivals26\source\intermediate\atummonitor\r_wikigames_eng_win32\xor_lib.obj
d:\ratrivals26\source\intermediate\atummonitor\r_wikigames_eng_win32\winsocket.obj
d:\ratrivals26\source\intermediate\atummonitor\r_wikigames_eng_win32\winpacket.obj
d:\ratrivals26\source\intermediate\atummonitor\r_wikigames_eng_win32\waypointmanager.obj
d:\ratrivals26\source\intermediate\atummonitor\r_wikigames_eng_win32\vmempool.obj
d:\ratrivals26\source\intermediate\atummonitor\r_wikigames_eng_win32\vmem.obj
d:\ratrivals26\source\intermediate\atummonitor\r_wikigames_eng_win32\tickmanager.obj
d:\ratrivals26\source\intermediate\atummonitor\r_wikigames_eng_win32\threadcheck.obj
d:\ratrivals26\source\intermediate\atummonitor\r_wikigames_eng_win32\leftview.sbr
d:\ratrivals26\source\intermediate\atummonitor\r_wikigames_eng_win32\mainfrm.sbr
d:\ratrivals26\source\intermediate\atummonitor\r_wikigames_eng_win32\trayicon.sbr
d:\ratrivals26\source\intermediate\atummonitor\r_wikigames_eng_win32\dataheader.sbr
d:\ratrivals26\source\intermediate\atummonitor\r_wikigames_eng_win32\totalheader.sbr
d:\ratrivals26\source\intermediate\atummonitor\r_wikigames_eng_win32\zipfile1.sbr
d:\ratrivals26\source\intermediate\atummonitor\r_wikigames_eng_win32\zipfiledlg.sbr
d:\ratrivals26\source\intermediate\atummonitor\r_wikigames_eng_win32\monitortickmanager.sbr
d:\ratrivals26\source\intermediate\atummonitor\r_wikigames_eng_win32\myfiledialog.sbr
d:\ratrivals26\source\intermediate\atummonitor\r_wikigames_eng_win32\preusercountdlg.sbr
d:\ratrivals26\source\intermediate\atummonitor\r_wikigames_eng_win32\pringdbgdlg.sbr
d:\ratrivals26\source\intermediate\atummonitor\r_wikigames_eng_win32\recordprogress.sbr
d:\ratrivals26\source\intermediate\atummonitor\r_wikigames_eng_win32\sqlreaderdlg.sbr
d:\ratrivals26\source\intermediate\atummonitor\r_wikigames_eng_win32\selectserverdlg.sbr
d:\ratrivals26\source\intermediate\atummonitor\r_wikigames_eng_win32\setcitywartimedlg.sbr
d:\ratrivals26\source\intermediate\atummonitor\r_wikigames_eng_win32\setmgameeventtypedlg.sbr
d:\ratrivals26\source\intermediate\atummonitor\r_wikigames_eng_win32\stdafx.sbr
d:\ratrivals26\source\intermediate\atummonitor\r_wikigames_eng_win32\tablename.sbr
d:\ratrivals26\source\intermediate\atummonitor\r_wikigames_eng_win32\totalprogress.sbr
d:\ratrivals26\source\intermediate\atummonitor\r_wikigames_eng_win32\monitornode.sbr
d:\ratrivals26\source\intermediate\atummonitor\r_wikigames_eng_win32\monitornode.obj
d:\ratrivals26\source\intermediate\atummonitor\r_wikigames_eng_win32\totalprogress.obj
d:\ratrivals26\source\intermediate\atummonitor\r_wikigames_eng_win32\tablename.obj
d:\ratrivals26\source\intermediate\atummonitor\r_wikigames_eng_win32\stdafx.obj
d:\ratrivals26\source\intermediate\atummonitor\r_wikigames_eng_win32\setmgameeventtypedlg.obj
d:\ratrivals26\source\intermediate\atummonitor\r_wikigames_eng_win32\setcitywartimedlg.obj
d:\ratrivals26\source\intermediate\atummonitor\r_wikigames_eng_win32\selectserverdlg.obj
d:\ratrivals26\source\intermediate\atummonitor\r_wikigames_eng_win32\sqlreaderdlg.obj
d:\ratrivals26\source\intermediate\atummonitor\r_wikigames_eng_win32\recordprogress.obj
d:\ratrivals26\source\intermediate\atummonitor\r_wikigames_eng_win32\pringdbgdlg.obj
d:\ratrivals26\source\intermediate\atummonitor\r_wikigames_eng_win32\preusercountdlg.obj
d:\ratrivals26\source\intermediate\atummonitor\r_wikigames_eng_win32\myfiledialog.obj
d:\ratrivals26\source\intermediate\atummonitor\r_wikigames_eng_win32\monitortickmanager.obj
d:\ratrivals26\source\intermediate\atummonitor\r_wikigames_eng_win32\zipfiledlg.obj
d:\ratrivals26\source\intermediate\atummonitor\r_wikigames_eng_win32\zipfile1.obj
d:\ratrivals26\source\intermediate\atummonitor\r_wikigames_eng_win32\totalheader.obj
d:\ratrivals26\source\intermediate\atummonitor\r_wikigames_eng_win32\dataheader.obj
d:\ratrivals26\source\intermediate\atummonitor\r_wikigames_eng_win32\trayicon.obj
d:\ratrivals26\source\intermediate\atummonitor\r_wikigames_eng_win32\mainfrm.obj
d:\ratrivals26\source\intermediate\atummonitor\r_wikigames_eng_win32\leftview.obj
d:\ratrivals26\source\intermediate\atummonitor\r_wikigames_eng_win32\monitorwinsocket.sbr
d:\ratrivals26\source\intermediate\atummonitor\r_wikigames_eng_win32\monitorwinsocket.obj
d:\ratrivals26\source\intermediate\atummonitor\r_wikigames_eng_win32\atumdbhelper.sbr
d:\ratrivals26\source\intermediate\atummonitor\r_wikigames_eng_win32\atumdbmanager.sbr
d:\ratrivals26\source\intermediate\atummonitor\r_wikigames_eng_win32\atumdatetime.sbr
d:\ratrivals26\source\intermediate\atummonitor\r_wikigames_eng_win32\atumparamprotocol.sbr
d:\ratrivals26\source\intermediate\atummonitor\r_wikigames_eng_win32\atumparamprotocolfunctions.sbr
d:\ratrivals26\source\intermediate\atummonitor\r_wikigames_eng_win32\atumthread.sbr
d:\ratrivals26\source\intermediate\atummonitor\r_wikigames_eng_win32\browseforfolder.sbr
d:\ratrivals26\source\intermediate\atummonitor\r_wikigames_eng_win32\commandhistory.sbr
d:\ratrivals26\source\intermediate\atummonitor\r_wikigames_eng_win32\global.sbr
d:\ratrivals26\source\intermediate\atummonitor\r_wikigames_eng_win32\global.obj
d:\ratrivals26\source\intermediate\atummonitor\r_wikigames_eng_win32\commandhistory.obj
d:\ratrivals26\source\intermediate\atummonitor\r_wikigames_eng_win32\browseforfolder.obj
d:\ratrivals26\source\intermediate\atummonitor\r_wikigames_eng_win32\atumthread.obj
d:\ratrivals26\source\intermediate\atummonitor\r_wikigames_eng_win32\atumparamprotocolfunctions.obj
d:\ratrivals26\source\intermediate\atummonitor\r_wikigames_eng_win32\atumparamprotocol.obj
d:\ratrivals26\source\intermediate\atummonitor\r_wikigames_eng_win32\atumdatetime.obj
d:\ratrivals26\source\intermediate\atummonitor\r_wikigames_eng_win32\atumdbmanager.obj
d:\ratrivals26\source\intermediate\atummonitor\r_wikigames_eng_win32\atumdbhelper.obj
d:\ratrivals26\source\build\tools\atummonitor.exe
d:\ratrivals26\source\build\tools\atummonitor.map
d:\ratrivals26\source\build\tools\atummonitor.pdb
d:\ratrivals26\source\intermediate\atummonitor\r_wikigames_eng_win32\atummonitor.res
d:\ratrivals26\source\intermediate\atummonitor\r_wikigames_eng_win32\atummonitor.ipdb
d:\ratrivals26\source\intermediate\atummonitor\r_wikigames_eng_win32\atummonitor.iobj
d:\ratrivals26\source\server\gameserver\..\..\build\tools\atummonitor.pdb
d:\ratrivals26\source\server\gameserver\..\..\intermediate\atummonitor\r_wikigames_eng_win32\atummonitor.vcxproj.filelistabsolute.txt
d:\ratrivals26\source\intermediate\atummonitor\r_wikigames_eng_win32\atummonitor.tlog\bscmake.command.1.tlog
d:\ratrivals26\source\intermediate\atummonitor\r_wikigames_eng_win32\atummonitor.tlog\bscmake.read.1.tlog
d:\ratrivals26\source\intermediate\atummonitor\r_wikigames_eng_win32\atummonitor.tlog\bscmake.write.1.tlog
d:\ratrivals26\source\intermediate\atummonitor\r_wikigames_eng_win32\atummonitor.tlog\cl.command.1.tlog
d:\ratrivals26\source\intermediate\atummonitor\r_wikigames_eng_win32\atummonitor.tlog\cl.items.tlog
d:\ratrivals26\source\intermediate\atummonitor\r_wikigames_eng_win32\atummonitor.tlog\cl.read.1.tlog
d:\ratrivals26\source\intermediate\atummonitor\r_wikigames_eng_win32\atummonitor.tlog\cl.write.1.tlog
d:\ratrivals26\source\intermediate\atummonitor\r_wikigames_eng_win32\atummonitor.tlog\link.command.1.tlog
d:\ratrivals26\source\intermediate\atummonitor\r_wikigames_eng_win32\atummonitor.tlog\link.read.1.tlog
d:\ratrivals26\source\intermediate\atummonitor\r_wikigames_eng_win32\atummonitor.tlog\link.secondary.1.tlog
d:\ratrivals26\source\intermediate\atummonitor\r_wikigames_eng_win32\atummonitor.tlog\link.write.1.tlog
d:\ratrivals26\source\intermediate\atummonitor\r_wikigames_eng_win32\atummonitor.tlog\metagen.read.1.tlog
d:\ratrivals26\source\intermediate\atummonitor\r_wikigames_eng_win32\atummonitor.tlog\metagen.write.1.tlog
d:\ratrivals26\source\intermediate\atummonitor\r_wikigames_eng_win32\atummonitor.tlog\rc.command.1.tlog
d:\ratrivals26\source\intermediate\atummonitor\r_wikigames_eng_win32\atummonitor.tlog\rc.read.1.tlog
d:\ratrivals26\source\intermediate\atummonitor\r_wikigames_eng_win32\atummonitor.tlog\rc.write.1.tlog
