d:\ratrivals26\source\intermediate\effectlib\r_wikigames_eng_win32\effectrender.obj
d:\ratrivals26\source\intermediate\effectlib\r_wikigames_eng_win32\appeffectdata.obj
d:\ratrivals26\source\intermediate\effectlib\r_wikigames_eng_win32\objectanidata.obj
d:\ratrivals26\source\intermediate\effectlib\r_wikigames_eng_win32\characterinfo.obj
d:\ratrivals26\source\intermediate\effectlib\r_wikigames_eng_win32\skilleffect.obj
d:\ratrivals26\source\intermediate\effectlib\r_wikigames_eng_win32\traceani.obj
d:\ratrivals26\source\intermediate\effectlib\r_wikigames_eng_win32\fxsystem.obj
d:\ratrivals26\source\intermediate\effectlib\r_wikigames_eng_win32\spriteanidata.obj
d:\ratrivals26\source\intermediate\effectlib\r_wikigames_eng_win32\particlesystem.obj
d:\ratrivals26\source\intermediate\effectlib\r_wikigames_eng_win32\effectlib.pdb
d:\ratrivals26\source\build\lib\effectlib.lib
d:\ratrivals26\source\client\..\build\lib\effectlib.pdb
d:\ratrivals26\source\client\..\intermediate\effectlib\r_wikigames_eng_win32\effectlib.vcxproj.filelistabsolute.txt
d:\ratrivals26\source\intermediate\effectlib\r_wikigames_eng_win32\effectlib.tlog\cl.10316.write.1.tlog
d:\ratrivals26\source\intermediate\effectlib\r_wikigames_eng_win32\effectlib.tlog\cl.command.1.tlog
d:\ratrivals26\source\intermediate\effectlib\r_wikigames_eng_win32\effectlib.tlog\cl.items.tlog
d:\ratrivals26\source\intermediate\effectlib\r_wikigames_eng_win32\effectlib.tlog\cl.read.1.tlog
d:\ratrivals26\source\intermediate\effectlib\r_wikigames_eng_win32\effectlib.tlog\lib-link.write.1.tlog
d:\ratrivals26\source\intermediate\effectlib\r_wikigames_eng_win32\effectlib.tlog\lib.command.1.tlog
d:\ratrivals26\source\intermediate\effectlib\r_wikigames_eng_win32\effectlib.tlog\lib.read.1.tlog
d:\ratrivals26\source\intermediate\effectlib\r_wikigames_eng_win32\effectlib.tlog\metagen.read.1.tlog
d:\ratrivals26\source\intermediate\effectlib\r_wikigames_eng_win32\effectlib.tlog\metagen.write.1.tlog
d:\ratrivals26\source\intermediate\effectlib\r_wikigames_eng_win32\effectlib.tlog\clui.dll.bi
d:\ratrivals26\source\intermediate\effectlib\r_wikigames_eng_win32\effectlib.tlog\mspdbsrv.exe.bi
