d:\ratrivals26\source\intermediate\directxlib\r_wikigames_eng_win32\d3dutil.obj
d:\ratrivals26\source\intermediate\directxlib\r_wikigames_eng_win32\musicmp3.obj
d:\ratrivals26\source\intermediate\directxlib\r_wikigames_eng_win32\d3denumeration.obj
d:\ratrivals26\source\intermediate\directxlib\r_wikigames_eng_win32\keyboardinput.obj
d:\ratrivals26\source\intermediate\directxlib\r_wikigames_eng_win32\d3dsettings.obj
d:\ratrivals26\source\intermediate\directxlib\r_wikigames_eng_win32\camera.obj
d:\ratrivals26\source\intermediate\directxlib\r_wikigames_eng_win32\d3dhanfont.obj
d:\ratrivals26\source\intermediate\directxlib\r_wikigames_eng_win32\d3dapp.obj
d:\ratrivals26\source\intermediate\directxlib\r_wikigames_eng_win32\dsutil.obj
d:\ratrivals26\source\intermediate\directxlib\r_wikigames_eng_win32\wavefile.obj
d:\ratrivals26\source\intermediate\directxlib\r_wikigames_eng_win32\joystickfreedback.obj
d:\ratrivals26\source\intermediate\directxlib\r_wikigames_eng_win32\dxutil.obj
d:\ratrivals26\source\intermediate\directxlib\r_wikigames_eng_win32\musicmp3ex.obj
d:\ratrivals26\source\intermediate\directxlib\r_wikigames_eng_win32\atumsound.obj
d:\ratrivals26\source\intermediate\directxlib\r_wikigames_eng_win32\joystickinput.obj
d:\ratrivals26\source\intermediate\directxlib\r_wikigames_eng_win32\dsound3d.obj
d:\ratrivals26\source\intermediate\directxlib\r_wikigames_eng_win32\directxlib.pdb
d:\ratrivals26\source\build\lib\directxlib.lib
d:\ratrivals26\source\intermediate\directxlib\r_wikigames_eng_win32\directxlib.tlog\metagen.write.1.tlog
d:\ratrivals26\source\client\..\build\lib\directxlib.pdb
d:\ratrivals26\source\client\..\intermediate\directxlib\r_wikigames_eng_win32\directxlib.vcxproj.filelistabsolute.txt
d:\ratrivals26\source\intermediate\directxlib\r_wikigames_eng_win32\directxlib.tlog\cl.command.1.tlog
d:\ratrivals26\source\intermediate\directxlib\r_wikigames_eng_win32\directxlib.tlog\cl.items.tlog
d:\ratrivals26\source\intermediate\directxlib\r_wikigames_eng_win32\directxlib.tlog\cl.read.1.tlog
d:\ratrivals26\source\intermediate\directxlib\r_wikigames_eng_win32\directxlib.tlog\cl.write.1.tlog
d:\ratrivals26\source\intermediate\directxlib\r_wikigames_eng_win32\directxlib.tlog\lib-link.write.1.tlog
d:\ratrivals26\source\intermediate\directxlib\r_wikigames_eng_win32\directxlib.tlog\lib.command.1.tlog
d:\ratrivals26\source\intermediate\directxlib\r_wikigames_eng_win32\directxlib.tlog\lib.read.1.tlog
d:\ratrivals26\source\intermediate\directxlib\r_wikigames_eng_win32\directxlib.tlog\metagen.read.1.tlog
d:\ratrivals26\source\intermediate\directxlib\r_wikigames_eng_win32\directxlib.tlog\vctip.exe.metagen
d:\ratrivals26\source\intermediate\directxlib\r_wikigames_eng_win32\directxlib.tlog\clui.dll.bi
