  StdAfx.cpp
  AtumParamProtocol.cpp
  AtumParamProtocolFunctions.cpp
  FTPManager.cpp
  KbcBmp.cpp
  KbcButton.cpp
  HttpManager.cpp
  Iexplore.cpp
  ListBoxEBX.cpp
  MGameDecryption.cpp
  RegistryControl.cpp
  SocketHeader.cpp
  WinPacket.cpp
  WinSocket.cpp
  XOR_Lib.cpp
  Atum.cpp
  AtumDlg.cpp
  PreUpdateWinSocket.cpp
  selectgameserverdlg.cpp
  #### Atum Resource Copy ####
  1 File(s) copied
  1 File(s) copied
  1 File(s) copied
  Generating code
  13 of 1167 functions ( 1.1%) were compiled, the rest were copied from previous compilation.
    0 functions were new in current compilation
    2 functions had inline decision re-evaluated but remain unchanged
  Finished generating code
  Atum.vcxproj -> D:\RatRivals26\Source\Build\Client\RatRivals.exe
