d:\ratrivals26\source\intermediate\atum\r_wikigames_eng_win32\atum.bsc
d:\ratrivals26\source\intermediate\atum\r_wikigames_eng_win32\vc140.pch
d:\ratrivals26\source\intermediate\atum\r_wikigames_eng_win32\vc145.pdb
d:\ratrivals26\source\intermediate\atum\r_wikigames_eng_win32\stdafx.sbr
d:\ratrivals26\source\intermediate\atum\r_wikigames_eng_win32\stdafx.obj
d:\ratrivals26\source\intermediate\atum\r_wikigames_eng_win32\kbcbmp.sbr
d:\ratrivals26\source\intermediate\atum\r_wikigames_eng_win32\kbcbmp.obj
d:\ratrivals26\source\intermediate\atum\r_wikigames_eng_win32\mgamedecryption.sbr
d:\ratrivals26\source\intermediate\atum\r_wikigames_eng_win32\mgamedecryption.obj
d:\ratrivals26\source\intermediate\atum\r_wikigames_eng_win32\atumparamprotocolfunctions.sbr
d:\ratrivals26\source\intermediate\atum\r_wikigames_eng_win32\atumparamprotocolfunctions.obj
d:\ratrivals26\source\intermediate\atum\r_wikigames_eng_win32\httpmanager.sbr
d:\ratrivals26\source\intermediate\atum\r_wikigames_eng_win32\httpmanager.obj
d:\ratrivals26\source\intermediate\atum\r_wikigames_eng_win32\iexplore.sbr
d:\ratrivals26\source\intermediate\atum\r_wikigames_eng_win32\iexplore.obj
d:\ratrivals26\source\intermediate\atum\r_wikigames_eng_win32\ftpmanager.sbr
d:\ratrivals26\source\intermediate\atum\r_wikigames_eng_win32\ftpmanager.obj
d:\ratrivals26\source\intermediate\atum\r_wikigames_eng_win32\winsocket.sbr
d:\ratrivals26\source\intermediate\atum\r_wikigames_eng_win32\winsocket.obj
d:\ratrivals26\source\intermediate\atum\r_wikigames_eng_win32\listboxebx.sbr
d:\ratrivals26\source\intermediate\atum\r_wikigames_eng_win32\listboxebx.obj
d:\ratrivals26\source\intermediate\atum\r_wikigames_eng_win32\registrycontrol.sbr
d:\ratrivals26\source\intermediate\atum\r_wikigames_eng_win32\registrycontrol.obj
d:\ratrivals26\source\intermediate\atum\r_wikigames_eng_win32\winpacket.sbr
d:\ratrivals26\source\intermediate\atum\r_wikigames_eng_win32\winpacket.obj
d:\ratrivals26\source\intermediate\atum\r_wikigames_eng_win32\atum.sbr
d:\ratrivals26\source\intermediate\atum\r_wikigames_eng_win32\atum.obj
d:\ratrivals26\source\intermediate\atum\r_wikigames_eng_win32\kbcbutton.sbr
d:\ratrivals26\source\intermediate\atum\r_wikigames_eng_win32\kbcbutton.obj
d:\ratrivals26\source\intermediate\atum\r_wikigames_eng_win32\atumdlg.sbr
d:\ratrivals26\source\intermediate\atum\r_wikigames_eng_win32\atumdlg.obj
d:\ratrivals26\source\intermediate\atum\r_wikigames_eng_win32\atumparamprotocol.sbr
d:\ratrivals26\source\intermediate\atum\r_wikigames_eng_win32\atumparamprotocol.obj
d:\ratrivals26\source\intermediate\atum\r_wikigames_eng_win32\socketheader.sbr
d:\ratrivals26\source\intermediate\atum\r_wikigames_eng_win32\socketheader.obj
d:\ratrivals26\source\intermediate\atum\r_wikigames_eng_win32\preupdatewinsocket.sbr
d:\ratrivals26\source\intermediate\atum\r_wikigames_eng_win32\preupdatewinsocket.obj
d:\ratrivals26\source\intermediate\atum\r_wikigames_eng_win32\xor_lib.sbr
d:\ratrivals26\source\intermediate\atum\r_wikigames_eng_win32\xor_lib.obj
d:\ratrivals26\source\intermediate\atum\r_wikigames_eng_win32\selectgameserverdlg.sbr
d:\ratrivals26\source\intermediate\atum\r_wikigames_eng_win32\selectgameserverdlg.obj
d:\ratrivals26\source\build\client\ratrivals.exe
d:\ratrivals26\source\build\client\ratrivals.pdb
d:\ratrivals26\source\intermediate\atum\r_wikigames_eng_win32\atum.res
d:\ratrivals26\source\intermediate\atum\r_wikigames_eng_win32\ratrivals.ipdb
d:\ratrivals26\source\intermediate\atum\r_wikigames_eng_win32\ratrivals.iobj
d:\ratrivals26\source\intermediate\atum\r_wikigames_eng_win32\newre.ipdb
d:\ratrivals26\source\intermediate\atum\r_wikigames_eng_win32\newre.iobj
d:\ratrivals26\source\server\gameserver\..\..\build\client\ratrivals.pdb
d:\ratrivals26\source\server\gameserver\..\..\intermediate\atum\r_wikigames_eng_win32\atum.vcxproj.filelistabsolute.txt
d:\ratrivals26\source\intermediate\atum\r_wikigames_eng_win32\atum.tlog\bscmake.command.1.tlog
d:\ratrivals26\source\intermediate\atum\r_wikigames_eng_win32\atum.tlog\bscmake.read.1.tlog
d:\ratrivals26\source\intermediate\atum\r_wikigames_eng_win32\atum.tlog\bscmake.write.1.tlog
d:\ratrivals26\source\intermediate\atum\r_wikigames_eng_win32\atum.tlog\cl.command.1.tlog
d:\ratrivals26\source\intermediate\atum\r_wikigames_eng_win32\atum.tlog\cl.items.tlog
d:\ratrivals26\source\intermediate\atum\r_wikigames_eng_win32\atum.tlog\cl.read.1.tlog
d:\ratrivals26\source\intermediate\atum\r_wikigames_eng_win32\atum.tlog\cl.write.1.tlog
d:\ratrivals26\source\intermediate\atum\r_wikigames_eng_win32\atum.tlog\link.command.1.tlog
d:\ratrivals26\source\intermediate\atum\r_wikigames_eng_win32\atum.tlog\link.read.1.tlog
d:\ratrivals26\source\intermediate\atum\r_wikigames_eng_win32\atum.tlog\link.secondary.1.tlog
d:\ratrivals26\source\intermediate\atum\r_wikigames_eng_win32\atum.tlog\link.write.1.tlog
d:\ratrivals26\source\intermediate\atum\r_wikigames_eng_win32\atum.tlog\metagen.read.1.tlog
d:\ratrivals26\source\intermediate\atum\r_wikigames_eng_win32\atum.tlog\metagen.write.1.tlog
d:\ratrivals26\source\intermediate\atum\r_wikigames_eng_win32\atum.tlog\rc.command.1.tlog
d:\ratrivals26\source\intermediate\atum\r_wikigames_eng_win32\atum.tlog\rc.read.1.tlog
d:\ratrivals26\source\intermediate\atum\r_wikigames_eng_win32\atum.tlog\rc.write.1.tlog
d:\ratrivals26\source\intermediate\atum\r_wikigames_eng_win32\atum.tlog\clui.dll.bi
