  ZipArchive.cpp
  Aes.cpp
  BaseLibCompressor.cpp
  Bzip2Compressor.cpp
  DeflateCompressor.cpp
  DirEnumerator.cpp
  FileFilter.cpp
  Hmac.cpp
  RandomPool.cpp
  Sha1.cpp
  Wildcard.cpp
  ZipAesCryptograph.cpp
  ZipAutoBuffer.cpp
  ZipCentralDir.cpp
  ZipCompatibility.cpp
  ZipCompressor.cpp
  ZipCrc32Cryptograph.cpp
  ZipCryptograph.cpp
  ZipException.cpp
  ZipExtraData.cpp
  ZipExtraField.cpp
  Compiling...
  ZipFile_mfc.cpp
  ZipFile_stl.cpp
  ZipFile_win.cpp
  ZipFileHeader.cpp
  ZipMemFile.cpp
  ZipPathComponent_lnx.cpp
  ZipPathComponent_win.cpp
  ZipPlatform_lnx.cpp
  ZipPlatform_win.cpp
  ZipPlatformComm.cpp
  ZipStorage.cpp
  ZipString.cpp
  adler32.c
  compress.c
  crc32.c
  deflate.c
  infback.c
  inffast.c
  inflate.c
  inftrees.c
  trees.c
  uncompr.c
  zutil.c
  blocksort.c
  bzcompress.c
  bzlib.c
  crctable.c
  decompress.c
  huffman.c
  randtable.c
D:\Program Files\Microsoft Visual Studio\18\Community\MSBuild\Microsoft\VC\v180\Microsoft.CppBuild.targets(1577,5): warning MSB8012: TargetPath(D:\RatRivals26\Source\Server\ZipArchive\Release STL MT\ZipArchive.lib) does not match the Library's OutputFile property value (D:\RatRivals26\Source\Build\Lib\ZipArchive.lib). This may cause your project to build incorrectly. To correct this, please make sure that $(OutDir), $(TargetName) and $(TargetExt) property values match the value specified in %(Lib.OutputFile).
  ZipArchive.vcxproj -> D:\RatRivals26\Source\Server\ZipArchive\Release STL MT\ZipArchive.lib
