  StdAfx.cpp
  AtumDBHelper.cpp
  AtumDBLogWriter.cpp
  AtumDateTime.cpp
  AtumParamProtocol.cpp
  AtumParamProtocolFunctions.cpp
  AtumSJ.cpp
  AtumThread.cpp
  BrowseForFolder.cpp
  Global.cpp
  GridCell.cpp
  GridCellBase.cpp
  GridCtrl.cpp
  GridDropTarget.cpp
  InPlaceEdit.cpp
  TitleTip.cpp
  HistoryComboBox.cpp
  Localization.cpp
  ODBCStatement.cpp
  md5.cpp
  metafile.cpp
  shieldSecurity.cpp
  shieldSecurityDll.cpp
  utility.cpp
  SocketHeader.cpp
  SystemLogManager.cpp
  TickManager.cpp
  VMem.cpp
  VMemPool.cpp
  WavePlayer.cpp
  WayPointManager.cpp
  WinPacket.cpp
  WinSocket.cpp
  XOR_Lib.cpp
  md5_lib_src.cpp
  MemoryHackHistory.cpp
  AccountInfoDlg.cpp
  AdminAutoNoticeDlg.cpp
  ArenaCharSend.cpp
  ArmorCollectionAddDlg.cpp
  ArmorCollectionEditDlg.cpp
  ArmorCollectionModifyDlg.cpp
  AtumAdminTool.cpp
  AtumAdminToolButtonDlg.cpp
  AtumAdminToolDlg.cpp
  BlockAccountDlg.cpp
  BlockAccountListDlg.cpp
  CharacterInfoDlg.cpp
  CombatPowerDetail.cpp
  DeclarationOfWar.cpp
  DeletedCharacter.cpp
  ExpViewerDlg.cpp
  InflWarListDlg.cpp
  InfluenceRateGridCtrl.cpp
  LeaderElection.cpp
  LogTabCombatPower.cpp
  LogTabConnection.cpp
  LogTabGuildItem.cpp
  LogTabItem.cpp
  LogTabServerIntegration.cpp
  LogTabUser.cpp
  MGameMonitor.cpp
  MyTabCtrl.cpp
  SCAdminWinSocket.cpp
  TrayIcon.cpp
  WPShopManagementDlg.cpp
  editguilddlg.cpp
  wrankingmanagement.cpp
  wrsevicesettingdlg.cpp
  wrupdateranking.cpp
  MarketTabReturnAuction.cpp
  MarketTabTradeCenter.cpp
  ModifyItemDlg.cpp
  PWDDlg.cpp
  PartnerDlg.cpp
  PetitionManagementDlg.cpp
  PremiumInfoDlg.cpp
  RealignmentCashItemDlg.cpp
  RenewalStrategyPointAdminDlg.cpp
  ReportCtrl.cpp
  SCBadUserAdminDlg.cpp
  SCGridHelper.cpp
  SCGuildAdminDlg.cpp
  SCHappyHourEventAdminDlg.cpp
  SCItemEventDlg.cpp
  SCLogAdminDlg.cpp
  SCMonthlyArmorEventDlg.cpp
  SCOutPostDlg.cpp
  SCStrategyPointAdminDlg.cpp
  SCUserAdminDlg.cpp
  SelectItemDlg.cpp
  SetItemEv.cpp
  SetLanguageDlg.cpp
  StaisticsMoneyDlg.cpp
  logtabblockaccount.cpp
  scserveradmindlg.cpp
  cashshopmanagementdlg.cpp
  dlgmsgbox.cpp
  dlgsetinfluencerate.cpp
  eventmonstermanagementdlg.cpp
  guildmarkrecognitiondlg.cpp
  seteventmonsterdlg.cpp
  sethappyev.cpp
  setlimitusercountdlg.cpp
  setpcbanghappyev.cpp
  xortestdlg.cpp
  Generating code
  384 of 7756 functions ( 5.0%) were compiled, the rest were copied from previous compilation.
    0 functions were new in current compilation
    405 functions had inline decision re-evaluated but remain unchanged
  Finished generating code
  AtumAdminTool.vcxproj -> D:\RatRivals26\Source\Build\Tools\AtumAdminTool.exe
