d:\ratrivals26\source\intermediate\atumadmintool\r_wikigames_eng_win32\atumadmintool.bsc
d:\ratrivals26\source\intermediate\atumadmintool\r_wikigames_eng_win32\vc140.pch
d:\ratrivals26\source\intermediate\atumadmintool\r_wikigames_eng_win32\vc145.pdb
d:\ratrivals26\source\intermediate\atumadmintool\r_wikigames_eng_win32\stdafx.sbr
d:\ratrivals26\source\intermediate\atumadmintool\r_wikigames_eng_win32\stdafx.obj
d:\ratrivals26\source\intermediate\atumadmintool\r_wikigames_eng_win32\atumdatetime.sbr
d:\ratrivals26\source\intermediate\atumadmintool\r_wikigames_eng_win32\atumdatetime.obj
d:\ratrivals26\source\intermediate\atumadmintool\r_wikigames_eng_win32\historycombobox.sbr
d:\ratrivals26\source\intermediate\atumadmintool\r_wikigames_eng_win32\historycombobox.obj
d:\ratrivals26\source\intermediate\atumadmintool\r_wikigames_eng_win32\utility.sbr
d:\ratrivals26\source\intermediate\atumadmintool\r_wikigames_eng_win32\utility.obj
d:\ratrivals26\source\intermediate\atumadmintool\r_wikigames_eng_win32\waypointmanager.sbr
d:\ratrivals26\source\intermediate\atumadmintool\r_wikigames_eng_win32\waypointmanager.obj
d:\ratrivals26\source\intermediate\atumadmintool\r_wikigames_eng_win32\combatpowerdetail.sbr
d:\ratrivals26\source\intermediate\atumadmintool\r_wikigames_eng_win32\combatpowerdetail.obj
d:\ratrivals26\source\intermediate\atumadmintool\r_wikigames_eng_win32\wrupdateranking.sbr
d:\ratrivals26\source\intermediate\atumadmintool\r_wikigames_eng_win32\wrupdateranking.obj
d:\ratrivals26\source\intermediate\atumadmintool\r_wikigames_eng_win32\scguildadmindlg.sbr
d:\ratrivals26\source\intermediate\atumadmintool\r_wikigames_eng_win32\scguildadmindlg.obj
d:\ratrivals26\source\intermediate\atumadmintool\r_wikigames_eng_win32\atumthread.sbr
d:\ratrivals26\source\intermediate\atumadmintool\r_wikigames_eng_win32\atumthread.obj
d:\ratrivals26\source\intermediate\atumadmintool\r_wikigames_eng_win32\griddroptarget.sbr
d:\ratrivals26\source\intermediate\atumadmintool\r_wikigames_eng_win32\griddroptarget.obj
d:\ratrivals26\source\intermediate\atumadmintool\r_wikigames_eng_win32\md5.sbr
d:\ratrivals26\source\intermediate\atumadmintool\r_wikigames_eng_win32\md5.obj
d:\ratrivals26\source\intermediate\atumadmintool\r_wikigames_eng_win32\adminautonoticedlg.sbr
d:\ratrivals26\source\intermediate\atumadmintool\r_wikigames_eng_win32\adminautonoticedlg.obj
d:\ratrivals26\source\intermediate\atumadmintool\r_wikigames_eng_win32\influencerategridctrl.sbr
d:\ratrivals26\source\intermediate\atumadmintool\r_wikigames_eng_win32\influencerategridctrl.obj
d:\ratrivals26\source\intermediate\atumadmintool\r_wikigames_eng_win32\mgamemonitor.sbr
d:\ratrivals26\source\intermediate\atumadmintool\r_wikigames_eng_win32\mgamemonitor.obj
d:\ratrivals26\source\intermediate\atumadmintool\r_wikigames_eng_win32\trayicon.sbr
d:\ratrivals26\source\intermediate\atumadmintool\r_wikigames_eng_win32\trayicon.obj
d:\ratrivals26\source\intermediate\atumadmintool\r_wikigames_eng_win32\editguilddlg.sbr
d:\ratrivals26\source\intermediate\atumadmintool\r_wikigames_eng_win32\editguilddlg.obj
d:\ratrivals26\source\intermediate\atumadmintool\r_wikigames_eng_win32\partnerdlg.sbr
d:\ratrivals26\source\intermediate\atumadmintool\r_wikigames_eng_win32\partnerdlg.obj
d:\ratrivals26\source\intermediate\atumadmintool\r_wikigames_eng_win32\selectitemdlg.sbr
d:\ratrivals26\source\intermediate\atumadmintool\r_wikigames_eng_win32\selectitemdlg.obj
d:\ratrivals26\source\intermediate\atumadmintool\r_wikigames_eng_win32\scserveradmindlg.sbr
d:\ratrivals26\source\intermediate\atumadmintool\r_wikigames_eng_win32\scserveradmindlg.obj
d:\ratrivals26\source\intermediate\atumadmintool\r_wikigames_eng_win32\atumparamprotocolfunctions.sbr
d:\ratrivals26\source\intermediate\atumadmintool\r_wikigames_eng_win32\atumparamprotocolfunctions.obj
d:\ratrivals26\source\intermediate\atumadmintool\r_wikigames_eng_win32\vmempool.sbr
d:\ratrivals26\source\intermediate\atumadmintool\r_wikigames_eng_win32\vmempool.obj
d:\ratrivals26\source\intermediate\atumadmintool\r_wikigames_eng_win32\memoryhackhistory.sbr
d:\ratrivals26\source\intermediate\atumadmintool\r_wikigames_eng_win32\memoryhackhistory.obj
d:\ratrivals26\source\intermediate\atumadmintool\r_wikigames_eng_win32\arenacharsend.sbr
d:\ratrivals26\source\intermediate\atumadmintool\r_wikigames_eng_win32\arenacharsend.obj
d:\ratrivals26\source\intermediate\atumadmintool\r_wikigames_eng_win32\deletedcharacter.sbr
d:\ratrivals26\source\intermediate\atumadmintool\r_wikigames_eng_win32\deletedcharacter.obj
d:\ratrivals26\source\intermediate\atumadmintool\r_wikigames_eng_win32\mytabctrl.sbr
d:\ratrivals26\source\intermediate\atumadmintool\r_wikigames_eng_win32\mytabctrl.obj
d:\ratrivals26\source\intermediate\atumadmintool\r_wikigames_eng_win32\petitionmanagementdlg.sbr
d:\ratrivals26\source\intermediate\atumadmintool\r_wikigames_eng_win32\petitionmanagementdlg.obj
d:\ratrivals26\source\intermediate\atumadmintool\r_wikigames_eng_win32\scoutpostdlg.sbr
d:\ratrivals26\source\intermediate\atumadmintool\r_wikigames_eng_win32\scoutpostdlg.obj
d:\ratrivals26\source\intermediate\atumadmintool\r_wikigames_eng_win32\logtabblockaccount.sbr
d:\ratrivals26\source\intermediate\atumadmintool\r_wikigames_eng_win32\logtabblockaccount.obj
d:\ratrivals26\source\intermediate\atumadmintool\r_wikigames_eng_win32\atumsj.sbr
d:\ratrivals26\source\intermediate\atumadmintool\r_wikigames_eng_win32\atumsj.obj
d:\ratrivals26\source\intermediate\atumadmintool\r_wikigames_eng_win32\accountinfodlg.sbr
d:\ratrivals26\source\intermediate\atumadmintool\r_wikigames_eng_win32\accountinfodlg.obj
d:\ratrivals26\source\intermediate\atumadmintool\r_wikigames_eng_win32\blockaccountlistdlg.sbr
d:\ratrivals26\source\intermediate\atumadmintool\r_wikigames_eng_win32\blockaccountlistdlg.obj
d:\ratrivals26\source\intermediate\atumadmintool\r_wikigames_eng_win32\inflwarlistdlg.sbr
d:\ratrivals26\source\intermediate\atumadmintool\r_wikigames_eng_win32\inflwarlistdlg.obj
d:\ratrivals26\source\intermediate\atumadmintool\r_wikigames_eng_win32\logtabuser.sbr
d:\ratrivals26\source\intermediate\atumadmintool\r_wikigames_eng_win32\logtabuser.obj
d:\ratrivals26\source\intermediate\atumadmintool\r_wikigames_eng_win32\wpshopmanagementdlg.sbr
d:\ratrivals26\source\intermediate\atumadmintool\r_wikigames_eng_win32\wpshopmanagementdlg.obj
d:\ratrivals26\source\intermediate\atumadmintool\r_wikigames_eng_win32\reportctrl.sbr
d:\ratrivals26\source\intermediate\atumadmintool\r_wikigames_eng_win32\reportctrl.obj
d:\ratrivals26\source\intermediate\atumadmintool\r_wikigames_eng_win32\schappyhoureventadmindlg.sbr
d:\ratrivals26\source\intermediate\atumadmintool\r_wikigames_eng_win32\schappyhoureventadmindlg.obj
d:\ratrivals26\source\intermediate\atumadmintool\r_wikigames_eng_win32\gridcellbase.sbr
d:\ratrivals26\source\intermediate\atumadmintool\r_wikigames_eng_win32\gridcellbase.obj
d:\ratrivals26\source\intermediate\atumadmintool\r_wikigames_eng_win32\odbcstatement.sbr
d:\ratrivals26\source\intermediate\atumadmintool\r_wikigames_eng_win32\odbcstatement.obj
d:\ratrivals26\source\intermediate\atumadmintool\r_wikigames_eng_win32\tickmanager.sbr
d:\ratrivals26\source\intermediate\atumadmintool\r_wikigames_eng_win32\tickmanager.obj
d:\ratrivals26\source\intermediate\atumadmintool\r_wikigames_eng_win32\blockaccountdlg.sbr
d:\ratrivals26\source\intermediate\atumadmintool\r_wikigames_eng_win32\blockaccountdlg.obj
d:\ratrivals26\source\intermediate\atumadmintool\r_wikigames_eng_win32\characterinfodlg.sbr
d:\ratrivals26\source\intermediate\atumadmintool\r_wikigames_eng_win32\characterinfodlg.obj
d:\ratrivals26\source\intermediate\atumadmintool\r_wikigames_eng_win32\wrsevicesettingdlg.sbr
d:\ratrivals26\source\intermediate\atumadmintool\r_wikigames_eng_win32\wrsevicesettingdlg.obj
d:\ratrivals26\source\intermediate\atumadmintool\r_wikigames_eng_win32\scbaduseradmindlg.sbr
d:\ratrivals26\source\intermediate\atumadmintool\r_wikigames_eng_win32\scbaduseradmindlg.obj
d:\ratrivals26\source\intermediate\atumadmintool\r_wikigames_eng_win32\browseforfolder.sbr
d:\ratrivals26\source\intermediate\atumadmintool\r_wikigames_eng_win32\browseforfolder.obj
d:\ratrivals26\source\intermediate\atumadmintool\r_wikigames_eng_win32\titletip.sbr
d:\ratrivals26\source\intermediate\atumadmintool\r_wikigames_eng_win32\titletip.obj
d:\ratrivals26\source\intermediate\atumadmintool\r_wikigames_eng_win32\shieldsecuritydll.sbr
d:\ratrivals26\source\intermediate\atumadmintool\r_wikigames_eng_win32\shieldsecuritydll.obj
d:\ratrivals26\source\intermediate\atumadmintool\r_wikigames_eng_win32\winpacket.sbr
d:\ratrivals26\source\intermediate\atumadmintool\r_wikigames_eng_win32\winpacket.obj
d:\ratrivals26\source\intermediate\atumadmintool\r_wikigames_eng_win32\atumadmintoolbuttondlg.sbr
d:\ratrivals26\source\intermediate\atumadmintool\r_wikigames_eng_win32\atumadmintoolbuttondlg.obj
d:\ratrivals26\source\intermediate\atumadmintool\r_wikigames_eng_win32\logtabconnection.sbr
d:\ratrivals26\source\intermediate\atumadmintool\r_wikigames_eng_win32\logtabconnection.obj
d:\ratrivals26\source\intermediate\atumadmintool\r_wikigames_eng_win32\modifyitemdlg.sbr
d:\ratrivals26\source\intermediate\atumadmintool\r_wikigames_eng_win32\modifyitemdlg.obj
d:\ratrivals26\source\intermediate\atumadmintool\r_wikigames_eng_win32\scmonthlyarmoreventdlg.sbr
d:\ratrivals26\source\intermediate\atumadmintool\r_wikigames_eng_win32\scmonthlyarmoreventdlg.obj
d:\ratrivals26\source\intermediate\atumadmintool\r_wikigames_eng_win32\gridcell.sbr
d:\ratrivals26\source\intermediate\atumadmintool\r_wikigames_eng_win32\gridcell.obj
d:\ratrivals26\source\intermediate\atumadmintool\r_wikigames_eng_win32\shieldsecurity.sbr
d:\ratrivals26\source\intermediate\atumadmintool\r_wikigames_eng_win32\shieldsecurity.obj
d:\ratrivals26\source\intermediate\atumadmintool\r_wikigames_eng_win32\socketheader.sbr
d:\ratrivals26\source\intermediate\atumadmintool\r_wikigames_eng_win32\socketheader.obj
d:\ratrivals26\source\intermediate\atumadmintool\r_wikigames_eng_win32\winsocket.sbr
d:\ratrivals26\source\intermediate\atumadmintool\r_wikigames_eng_win32\winsocket.obj
d:\ratrivals26\source\intermediate\atumadmintool\r_wikigames_eng_win32\armorcollectionmodifydlg.sbr
d:\ratrivals26\source\intermediate\atumadmintool\r_wikigames_eng_win32\armorcollectionmodifydlg.obj
d:\ratrivals26\source\intermediate\atumadmintool\r_wikigames_eng_win32\expviewerdlg.sbr
d:\ratrivals26\source\intermediate\atumadmintool\r_wikigames_eng_win32\expviewerdlg.obj
d:\ratrivals26\source\intermediate\atumadmintool\r_wikigames_eng_win32\logtabguilditem.sbr
d:\ratrivals26\source\intermediate\atumadmintool\r_wikigames_eng_win32\logtabguilditem.obj
d:\ratrivals26\source\intermediate\atumadmintool\r_wikigames_eng_win32\premiuminfodlg.sbr
d:\ratrivals26\source\intermediate\atumadmintool\r_wikigames_eng_win32\premiuminfodlg.obj
d:\ratrivals26\source\intermediate\atumadmintool\r_wikigames_eng_win32\scgridhelper.sbr
d:\ratrivals26\source\intermediate\atumadmintool\r_wikigames_eng_win32\scgridhelper.obj
d:\ratrivals26\source\intermediate\atumadmintool\r_wikigames_eng_win32\scstrategypointadmindlg.sbr
d:\ratrivals26\source\intermediate\atumadmintool\r_wikigames_eng_win32\scstrategypointadmindlg.obj
d:\ratrivals26\source\intermediate\atumadmintool\r_wikigames_eng_win32\atumdblogwriter.sbr
d:\ratrivals26\source\intermediate\atumadmintool\r_wikigames_eng_win32\atumdblogwriter.obj
d:\ratrivals26\source\intermediate\atumadmintool\r_wikigames_eng_win32\vmem.sbr
d:\ratrivals26\source\intermediate\atumadmintool\r_wikigames_eng_win32\vmem.obj
d:\ratrivals26\source\intermediate\atumadmintool\r_wikigames_eng_win32\xor_lib.sbr
d:\ratrivals26\source\intermediate\atumadmintool\r_wikigames_eng_win32\xor_lib.obj
d:\ratrivals26\source\intermediate\atumadmintool\r_wikigames_eng_win32\armorcollectioneditdlg.sbr
d:\ratrivals26\source\intermediate\atumadmintool\r_wikigames_eng_win32\armorcollectioneditdlg.obj
d:\ratrivals26\source\intermediate\atumadmintool\r_wikigames_eng_win32\logtabcombatpower.sbr
d:\ratrivals26\source\intermediate\atumadmintool\r_wikigames_eng_win32\logtabcombatpower.obj
d:\ratrivals26\source\intermediate\atumadmintool\r_wikigames_eng_win32\renewalstrategypointadmindlg.sbr
d:\ratrivals26\source\intermediate\atumadmintool\r_wikigames_eng_win32\renewalstrategypointadmindlg.obj
d:\ratrivals26\source\intermediate\atumadmintool\r_wikigames_eng_win32\setitemev.sbr
d:\ratrivals26\source\intermediate\atumadmintool\r_wikigames_eng_win32\setitemev.obj
d:\ratrivals26\source\intermediate\atumadmintool\r_wikigames_eng_win32\global.sbr
d:\ratrivals26\source\intermediate\atumadmintool\r_wikigames_eng_win32\global.obj
d:\ratrivals26\source\intermediate\atumadmintool\r_wikigames_eng_win32\inplaceedit.sbr
d:\ratrivals26\source\intermediate\atumadmintool\r_wikigames_eng_win32\inplaceedit.obj
d:\ratrivals26\source\intermediate\atumadmintool\r_wikigames_eng_win32\metafile.sbr
d:\ratrivals26\source\intermediate\atumadmintool\r_wikigames_eng_win32\metafile.obj
d:\ratrivals26\source\intermediate\atumadmintool\r_wikigames_eng_win32\md5_lib_src.sbr
d:\ratrivals26\source\intermediate\atumadmintool\r_wikigames_eng_win32\md5_lib_src.obj
d:\ratrivals26\source\intermediate\atumadmintool\r_wikigames_eng_win32\armorcollectionadddlg.sbr
d:\ratrivals26\source\intermediate\atumadmintool\r_wikigames_eng_win32\armorcollectionadddlg.obj
d:\ratrivals26\source\intermediate\atumadmintool\r_wikigames_eng_win32\declarationofwar.sbr
d:\ratrivals26\source\intermediate\atumadmintool\r_wikigames_eng_win32\declarationofwar.obj
d:\ratrivals26\source\intermediate\atumadmintool\r_wikigames_eng_win32\leaderelection.sbr
d:\ratrivals26\source\intermediate\atumadmintool\r_wikigames_eng_win32\leaderelection.obj
d:\ratrivals26\source\intermediate\atumadmintool\r_wikigames_eng_win32\scadminwinsocket.sbr
d:\ratrivals26\source\intermediate\atumadmintool\r_wikigames_eng_win32\scadminwinsocket.obj
d:\ratrivals26\source\intermediate\atumadmintool\r_wikigames_eng_win32\pwddlg.sbr
d:\ratrivals26\source\intermediate\atumadmintool\r_wikigames_eng_win32\pwddlg.obj
d:\ratrivals26\source\intermediate\atumadmintool\r_wikigames_eng_win32\realignmentcashitemdlg.sbr
d:\ratrivals26\source\intermediate\atumadmintool\r_wikigames_eng_win32\realignmentcashitemdlg.obj
d:\ratrivals26\source\intermediate\atumadmintool\r_wikigames_eng_win32\setlanguagedlg.sbr
d:\ratrivals26\source\intermediate\atumadmintool\r_wikigames_eng_win32\setlanguagedlg.obj
d:\ratrivals26\source\intermediate\atumadmintool\r_wikigames_eng_win32\staisticsmoneydlg.sbr
d:\ratrivals26\source\intermediate\atumadmintool\r_wikigames_eng_win32\staisticsmoneydlg.obj
d:\ratrivals26\source\intermediate\atumadmintool\r_wikigames_eng_win32\atumdbhelper.sbr
d:\ratrivals26\source\intermediate\atumadmintool\r_wikigames_eng_win32\atumdbhelper.obj
d:\ratrivals26\source\intermediate\atumadmintool\r_wikigames_eng_win32\logtabserverintegration.sbr
d:\ratrivals26\source\intermediate\atumadmintool\r_wikigames_eng_win32\logtabserverintegration.obj
d:\ratrivals26\source\intermediate\atumadmintool\r_wikigames_eng_win32\markettabreturnauction.sbr
d:\ratrivals26\source\intermediate\atumadmintool\r_wikigames_eng_win32\markettabreturnauction.obj
d:\ratrivals26\source\intermediate\atumadmintool\r_wikigames_eng_win32\scuseradmindlg.sbr
d:\ratrivals26\source\intermediate\atumadmintool\r_wikigames_eng_win32\scuseradmindlg.obj
d:\ratrivals26\source\intermediate\atumadmintool\r_wikigames_eng_win32\atumparamprotocol.sbr
d:\ratrivals26\source\intermediate\atumadmintool\r_wikigames_eng_win32\atumparamprotocol.obj
d:\ratrivals26\source\intermediate\atumadmintool\r_wikigames_eng_win32\localization.sbr
d:\ratrivals26\source\intermediate\atumadmintool\r_wikigames_eng_win32\localization.obj
d:\ratrivals26\source\intermediate\atumadmintool\r_wikigames_eng_win32\atumadmintool.sbr
d:\ratrivals26\source\intermediate\atumadmintool\r_wikigames_eng_win32\atumadmintool.obj
d:\ratrivals26\source\intermediate\atumadmintool\r_wikigames_eng_win32\logtabitem.sbr
d:\ratrivals26\source\intermediate\atumadmintool\r_wikigames_eng_win32\logtabitem.obj
d:\ratrivals26\source\intermediate\atumadmintool\r_wikigames_eng_win32\markettabtradecenter.sbr
d:\ratrivals26\source\intermediate\atumadmintool\r_wikigames_eng_win32\markettabtradecenter.obj
d:\ratrivals26\source\intermediate\atumadmintool\r_wikigames_eng_win32\sclogadmindlg.sbr
d:\ratrivals26\source\intermediate\atumadmintool\r_wikigames_eng_win32\sclogadmindlg.obj
d:\ratrivals26\source\intermediate\atumadmintool\r_wikigames_eng_win32\gridctrl.sbr
d:\ratrivals26\source\intermediate\atumadmintool\r_wikigames_eng_win32\gridctrl.obj
d:\ratrivals26\source\intermediate\atumadmintool\r_wikigames_eng_win32\systemlogmanager.sbr
d:\ratrivals26\source\intermediate\atumadmintool\r_wikigames_eng_win32\systemlogmanager.obj
d:\ratrivals26\source\intermediate\atumadmintool\r_wikigames_eng_win32\waveplayer.sbr
d:\ratrivals26\source\intermediate\atumadmintool\r_wikigames_eng_win32\waveplayer.obj
d:\ratrivals26\source\intermediate\atumadmintool\r_wikigames_eng_win32\atumadmintooldlg.sbr
d:\ratrivals26\source\intermediate\atumadmintool\r_wikigames_eng_win32\atumadmintooldlg.obj
d:\ratrivals26\source\intermediate\atumadmintool\r_wikigames_eng_win32\wrankingmanagement.sbr
d:\ratrivals26\source\intermediate\atumadmintool\r_wikigames_eng_win32\wrankingmanagement.obj
d:\ratrivals26\source\intermediate\atumadmintool\r_wikigames_eng_win32\scitemeventdlg.sbr
d:\ratrivals26\source\intermediate\atumadmintool\r_wikigames_eng_win32\scitemeventdlg.obj
d:\ratrivals26\source\intermediate\atumadmintool\r_wikigames_eng_win32\dlgmsgbox.sbr
d:\ratrivals26\source\intermediate\atumadmintool\r_wikigames_eng_win32\dlgmsgbox.obj
d:\ratrivals26\source\intermediate\atumadmintool\r_wikigames_eng_win32\setlimitusercountdlg.sbr
d:\ratrivals26\source\intermediate\atumadmintool\r_wikigames_eng_win32\setlimitusercountdlg.obj
d:\ratrivals26\source\intermediate\atumadmintool\r_wikigames_eng_win32\eventmonstermanagementdlg.sbr
d:\ratrivals26\source\intermediate\atumadmintool\r_wikigames_eng_win32\eventmonstermanagementdlg.obj
d:\ratrivals26\source\intermediate\atumadmintool\r_wikigames_eng_win32\sethappyev.sbr
d:\ratrivals26\source\intermediate\atumadmintool\r_wikigames_eng_win32\sethappyev.obj
d:\ratrivals26\source\intermediate\atumadmintool\r_wikigames_eng_win32\dlgsetinfluencerate.sbr
d:\ratrivals26\source\intermediate\atumadmintool\r_wikigames_eng_win32\dlgsetinfluencerate.obj
d:\ratrivals26\source\intermediate\atumadmintool\r_wikigames_eng_win32\cashshopmanagementdlg.sbr
d:\ratrivals26\source\intermediate\atumadmintool\r_wikigames_eng_win32\cashshopmanagementdlg.obj
d:\ratrivals26\source\intermediate\atumadmintool\r_wikigames_eng_win32\xortestdlg.sbr
d:\ratrivals26\source\intermediate\atumadmintool\r_wikigames_eng_win32\xortestdlg.obj
d:\ratrivals26\source\intermediate\atumadmintool\r_wikigames_eng_win32\seteventmonsterdlg.sbr
d:\ratrivals26\source\intermediate\atumadmintool\r_wikigames_eng_win32\seteventmonsterdlg.obj
d:\ratrivals26\source\intermediate\atumadmintool\r_wikigames_eng_win32\guildmarkrecognitiondlg.sbr
d:\ratrivals26\source\intermediate\atumadmintool\r_wikigames_eng_win32\guildmarkrecognitiondlg.obj
d:\ratrivals26\source\intermediate\atumadmintool\r_wikigames_eng_win32\setpcbanghappyev.sbr
d:\ratrivals26\source\intermediate\atumadmintool\r_wikigames_eng_win32\setpcbanghappyev.obj
d:\ratrivals26\source\build\tools\atumadmintool.exe
d:\ratrivals26\source\build\tools\atumadmintool.pdb
d:\ratrivals26\source\intermediate\atumadmintool\r_wikigames_eng_win32\atumadmintool.res
d:\ratrivals26\source\intermediate\atumadmintool\r_wikigames_eng_win32\atumadmintool.ipdb
d:\ratrivals26\source\intermediate\atumadmintool\r_wikigames_eng_win32\atumadmintool.iobj
d:\ratrivals26\source\server\gameserver\..\..\build\tools\atumadmintool.pdb
d:\ratrivals26\source\server\gameserver\..\..\intermediate\atumadmintool\r_wikigames_eng_win32\atumadmintool.vcxproj.filelistabsolute.txt
d:\ratrivals26\source\intermediate\atumadmintool\r_wikigames_eng_win32\atumadmintool.tlog\bscmake.command.1.tlog
d:\ratrivals26\source\intermediate\atumadmintool\r_wikigames_eng_win32\atumadmintool.tlog\bscmake.read.1.tlog
d:\ratrivals26\source\intermediate\atumadmintool\r_wikigames_eng_win32\atumadmintool.tlog\bscmake.write.1.tlog
d:\ratrivals26\source\intermediate\atumadmintool\r_wikigames_eng_win32\atumadmintool.tlog\cl.command.1.tlog
d:\ratrivals26\source\intermediate\atumadmintool\r_wikigames_eng_win32\atumadmintool.tlog\cl.items.tlog
d:\ratrivals26\source\intermediate\atumadmintool\r_wikigames_eng_win32\atumadmintool.tlog\cl.read.1.tlog
d:\ratrivals26\source\intermediate\atumadmintool\r_wikigames_eng_win32\atumadmintool.tlog\cl.write.1.tlog
d:\ratrivals26\source\intermediate\atumadmintool\r_wikigames_eng_win32\atumadmintool.tlog\link.command.1.tlog
d:\ratrivals26\source\intermediate\atumadmintool\r_wikigames_eng_win32\atumadmintool.tlog\link.read.1.tlog
d:\ratrivals26\source\intermediate\atumadmintool\r_wikigames_eng_win32\atumadmintool.tlog\link.secondary.1.tlog
d:\ratrivals26\source\intermediate\atumadmintool\r_wikigames_eng_win32\atumadmintool.tlog\link.write.1.tlog
d:\ratrivals26\source\intermediate\atumadmintool\r_wikigames_eng_win32\atumadmintool.tlog\metagen.read.1.tlog
d:\ratrivals26\source\intermediate\atumadmintool\r_wikigames_eng_win32\atumadmintool.tlog\metagen.write.1.tlog
d:\ratrivals26\source\intermediate\atumadmintool\r_wikigames_eng_win32\atumadmintool.tlog\rc.command.1.tlog
d:\ratrivals26\source\intermediate\atumadmintool\r_wikigames_eng_win32\atumadmintool.tlog\rc.read.1.tlog
d:\ratrivals26\source\intermediate\atumadmintool\r_wikigames_eng_win32\atumadmintool.tlog\rc.write.1.tlog
d:\ratrivals26\source\intermediate\atumadmintool\r_wikigames_eng_win32\atumadmintool.tlog\clui.dll.bi
