d:\ratrivals26\source\intermediate\interfacelib\r_wikigames_eng_win32\chat.obj
d:\ratrivals26\source\intermediate\interfacelib\r_wikigames_eng_win32\infautoeditbox.obj
d:\ratrivals26\source\intermediate\interfacelib\r_wikigames_eng_win32\infcityinflbuff.obj
d:\ratrivals26\source\intermediate\interfacelib\r_wikigames_eng_win32\infcommunityfriend.obj
d:\ratrivals26\source\intermediate\interfacelib\r_wikigames_eng_win32\infcommupartyinvite.obj
d:\ratrivals26\source\intermediate\interfacelib\r_wikigames_eng_win32\infgamemain.obj
d:\ratrivals26\source\intermediate\interfacelib\r_wikigames_eng_win32\infimagecombobox.obj
d:\ratrivals26\source\intermediate\interfacelib\r_wikigames_eng_win32\infinvenextend.obj
d:\ratrivals26\source\intermediate\interfacelib\r_wikigames_eng_win32\infmissionmain.obj
d:\ratrivals26\source\intermediate\interfacelib\r_wikigames_eng_win32\infoptionmachine.obj
d:\ratrivals26\source\intermediate\interfacelib\r_wikigames_eng_win32\infsecuchanpasswnd.obj
d:\ratrivals26\source\intermediate\interfacelib\r_wikigames_eng_win32\infspeakemsg.obj
d:\ratrivals26\source\intermediate\interfacelib\r_wikigames_eng_win32\infunitstate.obj
d:\ratrivals26\source\intermediate\interfacelib\r_wikigames_eng_win32\infarenaresult.obj
d:\ratrivals26\source\intermediate\interfacelib\r_wikigames_eng_win32\infautospritebtn.obj
d:\ratrivals26\source\intermediate\interfacelib\r_wikigames_eng_win32\infcityauction.obj
d:\ratrivals26\source\intermediate\interfacelib\r_wikigames_eng_win32\infcityoccupy.obj
d:\ratrivals26\source\intermediate\interfacelib\r_wikigames_eng_win32\infcomboboxex.obj
d:\ratrivals26\source\intermediate\interfacelib\r_wikigames_eng_win32\infcommunityuserinfo.obj
d:\ratrivals26\source\intermediate\interfacelib\r_wikigames_eng_win32\infdissolution.obj
d:\ratrivals26\source\intermediate\interfacelib\r_wikigames_eng_win32\infgamemainotherinfo.obj
d:\ratrivals26\source\intermediate\interfacelib\r_wikigames_eng_win32\infimage.obj
d:\ratrivals26\source\intermediate\interfacelib\r_wikigames_eng_win32\infimportantinfo.obj
d:\ratrivals26\source\intermediate\interfacelib\r_wikigames_eng_win32\influckymachine.obj
d:\ratrivals26\source\intermediate\interfacelib\r_wikigames_eng_win32\infmp3player.obj
d:\ratrivals26\source\intermediate\interfacelib\r_wikigames_eng_win32\infpilotface.obj
d:\ratrivals26\source\intermediate\interfacelib\r_wikigames_eng_win32\infsecupasswnd.obj
d:\ratrivals26\source\intermediate\interfacelib\r_wikigames_eng_win32\infsystem.obj
d:\ratrivals26\source\intermediate\interfacelib\r_wikigames_eng_win32\infweaponinfo.obj
d:\ratrivals26\source\intermediate\interfacelib\r_wikigames_eng_win32\chatrender.obj
d:\ratrivals26\source\intermediate\interfacelib\r_wikigames_eng_win32\infchannellist.obj
d:\ratrivals26\source\intermediate\interfacelib\r_wikigames_eng_win32\infcitybazaar.obj
d:\ratrivals26\source\intermediate\interfacelib\r_wikigames_eng_win32\infcityshop.obj
d:\ratrivals26\source\intermediate\interfacelib\r_wikigames_eng_win32\infcommunityguild.obj
d:\ratrivals26\source\intermediate\interfacelib\r_wikigames_eng_win32\infcontrol.obj
d:\ratrivals26\source\intermediate\interfacelib\r_wikigames_eng_win32\infenemyiteminfo.obj
d:\ratrivals26\source\intermediate\interfacelib\r_wikigames_eng_win32\infgamemainunitinfobar.obj
d:\ratrivals26\source\intermediate\interfacelib\r_wikigames_eng_win32\infimagelistbox.obj
d:\ratrivals26\source\intermediate\interfacelib\r_wikigames_eng_win32\infitemmixfactorywnd.obj
d:\ratrivals26\source\intermediate\interfacelib\r_wikigames_eng_win32\infmissionpopupinfo.obj
d:\ratrivals26\source\intermediate\interfacelib\r_wikigames_eng_win32\infoptionsystem.obj
d:\ratrivals26\source\intermediate\interfacelib\r_wikigames_eng_win32\infseculockwnd.obj
d:\ratrivals26\source\intermediate\interfacelib\r_wikigames_eng_win32\infstageeffect.obj
d:\ratrivals26\source\intermediate\interfacelib\r_wikigames_eng_win32\infunitcreateinfo.obj
d:\ratrivals26\source\intermediate\interfacelib\r_wikigames_eng_win32\md5_lib_src.obj
d:\ratrivals26\source\intermediate\interfacelib\r_wikigames_eng_win32\infarenatxt.obj
d:\ratrivals26\source\intermediate\interfacelib\r_wikigames_eng_win32\infcitycashshop.obj
d:\ratrivals26\source\intermediate\interfacelib\r_wikigames_eng_win32\infcitywarpointshop.obj
d:\ratrivals26\source\intermediate\interfacelib\r_wikigames_eng_win32\infcommunityuseropensetup.obj
d:\ratrivals26\source\intermediate\interfacelib\r_wikigames_eng_win32\inffirstanniversaryevent.obj
d:\ratrivals26\source\intermediate\interfacelib\r_wikigames_eng_win32\infgroupimage.obj
d:\ratrivals26\source\intermediate\interfacelib\r_wikigames_eng_win32\infimagelist.obj
d:\ratrivals26\source\intermediate\interfacelib\r_wikigames_eng_win32\infitemmenulist.obj
d:\ratrivals26\source\intermediate\interfacelib\r_wikigames_eng_win32\infmissionmasterreg.obj
d:\ratrivals26\source\intermediate\interfacelib\r_wikigames_eng_win32\infopsmallhelper.obj
d:\ratrivals26\source\intermediate\interfacelib\r_wikigames_eng_win32\infreturnmyauctionlist.obj
d:\ratrivals26\source\intermediate\interfacelib\r_wikigames_eng_win32\infsinglecurseleditbox.obj
d:\ratrivals26\source\intermediate\interfacelib\r_wikigames_eng_win32\inftrademyitemshow.obj
d:\ratrivals26\source\intermediate\interfacelib\r_wikigames_eng_win32\infarenacreate.obj
d:\ratrivals26\source\intermediate\interfacelib\r_wikigames_eng_win32\infchangecharactor.obj
d:\ratrivals26\source\intermediate\interfacelib\r_wikigames_eng_win32\infcitymission.obj
d:\ratrivals26\source\intermediate\interfacelib\r_wikigames_eng_win32\infcityoutpost.obj
d:\ratrivals26\source\intermediate\interfacelib\r_wikigames_eng_win32\infcommunityguildintrome.obj
d:\ratrivals26\source\intermediate\interfacelib\r_wikigames_eng_win32\infcurseleditbox.obj
d:\ratrivals26\source\intermediate\interfacelib\r_wikigames_eng_win32\infgamehelpdesk.obj
d:\ratrivals26\source\intermediate\interfacelib\r_wikigames_eng_win32\infgroupmanager.obj
d:\ratrivals26\source\intermediate\interfacelib\r_wikigames_eng_win32\infimagelisttreectrl.obj
d:\ratrivals26\source\intermediate\interfacelib\r_wikigames_eng_win32\inflistbox.obj
d:\ratrivals26\source\intermediate\interfacelib\r_wikigames_eng_win32\infmissiontreeinfo.obj
d:\ratrivals26\source\intermediate\interfacelib\r_wikigames_eng_win32\infopwnd.obj
d:\ratrivals26\source\intermediate\interfacelib\r_wikigames_eng_win32\infsecumain.obj
d:\ratrivals26\source\intermediate\interfacelib\r_wikigames_eng_win32\infstageeffectdata.obj
d:\ratrivals26\source\intermediate\interfacelib\r_wikigames_eng_win32\infwardeclare.obj
d:\ratrivals26\source\intermediate\interfacelib\r_wikigames_eng_win32\chatdata.obj
d:\ratrivals26\source\intermediate\interfacelib\r_wikigames_eng_win32\infattackdirection.obj
d:\ratrivals26\source\intermediate\interfacelib\r_wikigames_eng_win32\infcharacterinfoextend.obj
d:\ratrivals26\source\intermediate\interfacelib\r_wikigames_eng_win32\infcitylab.obj
d:\ratrivals26\source\intermediate\interfacelib\r_wikigames_eng_win32\infcombobox.obj
d:\ratrivals26\source\intermediate\interfacelib\r_wikigames_eng_win32\infcommunityparty.obj
d:\ratrivals26\source\intermediate\interfacelib\r_wikigames_eng_win32\infdefaultwnd.obj
d:\ratrivals26\source\intermediate\interfacelib\r_wikigames_eng_win32\infgamemainminimap.obj
d:\ratrivals26\source\intermediate\interfacelib\r_wikigames_eng_win32\infimagebtnboth.obj
d:\ratrivals26\source\intermediate\interfacelib\r_wikigames_eng_win32\infinven.obj
d:\ratrivals26\source\intermediate\interfacelib\r_wikigames_eng_win32\infmapname.obj
d:\ratrivals26\source\intermediate\interfacelib\r_wikigames_eng_win32\infnumeditbox.obj
d:\ratrivals26\source\intermediate\interfacelib\r_wikigames_eng_win32\infpopupmenu.obj
d:\ratrivals26\source\intermediate\interfacelib\r_wikigames_eng_win32\infsecusetpasswnd.obj
d:\ratrivals26\source\intermediate\interfacelib\r_wikigames_eng_win32\inftarget.obj
d:\ratrivals26\source\intermediate\interfacelib\r_wikigames_eng_win32\infworldmap.obj
d:\ratrivals26\source\intermediate\interfacelib\r_wikigames_eng_win32\chatmovedata.obj
d:\ratrivals26\source\intermediate\interfacelib\r_wikigames_eng_win32\infbasewarmanager.obj
d:\ratrivals26\source\intermediate\interfacelib\r_wikigames_eng_win32\infcityarena.obj
d:\ratrivals26\source\intermediate\interfacelib\r_wikigames_eng_win32\infcitywarp.obj
d:\ratrivals26\source\intermediate\interfacelib\r_wikigames_eng_win32\infcommunityreject.obj
d:\ratrivals26\source\intermediate\interfacelib\r_wikigames_eng_win32\infeditbox.obj
d:\ratrivals26\source\intermediate\interfacelib\r_wikigames_eng_win32\infgamemainoutpost.obj
d:\ratrivals26\source\intermediate\interfacelib\r_wikigames_eng_win32\infimageex.obj
d:\ratrivals26\source\intermediate\interfacelib\r_wikigames_eng_win32\infinvenequip.obj
d:\ratrivals26\source\intermediate\interfacelib\r_wikigames_eng_win32\infmission.obj
d:\ratrivals26\source\intermediate\interfacelib\r_wikigames_eng_win32\infopinfo.obj
d:\ratrivals26\source\intermediate\interfacelib\r_wikigames_eng_win32\infreturnauctionmsgbox.obj
d:\ratrivals26\source\intermediate\interfacelib\r_wikigames_eng_win32\infselectmenu.obj
d:\ratrivals26\source\intermediate\interfacelib\r_wikigames_eng_win32\inftrade.obj
d:\ratrivals26\source\intermediate\interfacelib\r_wikigames_eng_win32\setupconfig.obj
d:\ratrivals26\source\intermediate\interfacelib\r_wikigames_eng_win32\infalertmsgbox.obj
d:\ratrivals26\source\intermediate\interfacelib\r_wikigames_eng_win32\infarenateaminfo.obj
d:\ratrivals26\source\intermediate\interfacelib\r_wikigames_eng_win32\infcitybase.obj
d:\ratrivals26\source\intermediate\interfacelib\r_wikigames_eng_win32\infcitystore.obj
d:\ratrivals26\source\intermediate\interfacelib\r_wikigames_eng_win32\infcommunityguildsearch.obj
d:\ratrivals26\source\intermediate\interfacelib\r_wikigames_eng_win32\infcreatemenu.obj
d:\ratrivals26\source\intermediate\interfacelib\r_wikigames_eng_win32\infgamecountdown.obj
d:\ratrivals26\source\intermediate\interfacelib\r_wikigames_eng_win32\infgamemainwisperchat.obj
d:\ratrivals26\source\intermediate\interfacelib\r_wikigames_eng_win32\infimagelistctrl.obj
d:\ratrivals26\source\intermediate\interfacelib\r_wikigames_eng_win32\infitemmixwnd.obj
d:\ratrivals26\source\intermediate\interfacelib\r_wikigames_eng_win32\infmissionselinfluence.obj
d:\ratrivals26\source\intermediate\interfacelib\r_wikigames_eng_win32\infopuserhelper.obj
d:\ratrivals26\source\intermediate\interfacelib\r_wikigames_eng_win32\infsecueditbox.obj
d:\ratrivals26\source\intermediate\interfacelib\r_wikigames_eng_win32\infskill.obj
d:\ratrivals26\source\intermediate\interfacelib\r_wikigames_eng_win32\infunitnameinfo.obj
d:\ratrivals26\source\intermediate\interfacelib\r_wikigames_eng_win32\calendarbuilder.obj
d:\ratrivals26\source\intermediate\interfacelib\r_wikigames_eng_win32\infarenascore.obj
d:\ratrivals26\source\intermediate\interfacelib\r_wikigames_eng_win32\infcharacterinfo.obj
d:\ratrivals26\source\intermediate\interfacelib\r_wikigames_eng_win32\infcityinfinityfield.obj
d:\ratrivals26\source\intermediate\interfacelib\r_wikigames_eng_win32\infcitysupply.obj
d:\ratrivals26\source\intermediate\interfacelib\r_wikigames_eng_win32\infcommunityguildmanager.obj
d:\ratrivals26\source\intermediate\interfacelib\r_wikigames_eng_win32\infcouponwindow.obj
d:\ratrivals26\source\intermediate\interfacelib\r_wikigames_eng_win32\infgamearena.obj
d:\ratrivals26\source\intermediate\interfacelib\r_wikigames_eng_win32\infgamemainsysmsg.obj
d:\ratrivals26\source\intermediate\interfacelib\r_wikigames_eng_win32\infimagefile.obj
d:\ratrivals26\source\intermediate\interfacelib\r_wikigames_eng_win32\infinvenitem.obj
d:\ratrivals26\source\intermediate\interfacelib\r_wikigames_eng_win32\infmissionanictrl.obj
d:\ratrivals26\source\intermediate\interfacelib\r_wikigames_eng_win32\infopbighelper.obj
d:\ratrivals26\source\intermediate\interfacelib\r_wikigames_eng_win32\infquest.obj
d:\ratrivals26\source\intermediate\interfacelib\r_wikigames_eng_win32\infreturnauctioncenter.obj
d:\ratrivals26\source\intermediate\interfacelib\r_wikigames_eng_win32\infselect.obj
d:\ratrivals26\source\intermediate\interfacelib\r_wikigames_eng_win32\inftradeitemadd.obj
d:\ratrivals26\source\intermediate\interfacelib\r_wikigames_eng_win32\interface.obj
d:\ratrivals26\source\intermediate\interfacelib\r_wikigames_eng_win32\chattab_t.obj
d:\ratrivals26\source\intermediate\interfacelib\r_wikigames_eng_win32\infarenascrollbar.obj
d:\ratrivals26\source\intermediate\interfacelib\r_wikigames_eng_win32\infcityinfinityshop.obj
d:\ratrivals26\source\intermediate\interfacelib\r_wikigames_eng_win32\infcommunitychatroom.obj
d:\ratrivals26\source\intermediate\interfacelib\r_wikigames_eng_win32\infcommupartycre.obj
d:\ratrivals26\source\intermediate\interfacelib\r_wikigames_eng_win32\infgamemainchat.obj
d:\ratrivals26\source\intermediate\interfacelib\r_wikigames_eng_win32\inficon.obj
d:\ratrivals26\source\intermediate\interfacelib\r_wikigames_eng_win32\infimageradiobtn.obj
d:\ratrivals26\source\intermediate\interfacelib\r_wikigames_eng_win32\infmapload.obj
d:\ratrivals26\source\intermediate\interfacelib\r_wikigames_eng_win32\infmothershipmanager.obj
d:\ratrivals26\source\intermediate\interfacelib\r_wikigames_eng_win32\infothercharinfo.obj
d:\ratrivals26\source\intermediate\interfacelib\r_wikigames_eng_win32\infsecuselectmenu.obj
d:\ratrivals26\source\intermediate\interfacelib\r_wikigames_eng_win32\inftooltip.obj
d:\ratrivals26\source\intermediate\interfacelib\r_wikigames_eng_win32\infwindow.obj
d:\ratrivals26\source\intermediate\interfacelib\r_wikigames_eng_win32\infanictrl.obj
d:\ratrivals26\source\intermediate\interfacelib\r_wikigames_eng_win32\infbase.obj
d:\ratrivals26\source\intermediate\interfacelib\r_wikigames_eng_win32\infcityboard.obj
d:\ratrivals26\source\intermediate\interfacelib\r_wikigames_eng_win32\infcityleader.obj
d:\ratrivals26\source\intermediate\interfacelib\r_wikigames_eng_win32\infcommunity.obj
d:\ratrivals26\source\intermediate\interfacelib\r_wikigames_eng_win32\infcommunityvoip.obj
d:\ratrivals26\source\intermediate\interfacelib\r_wikigames_eng_win32\inffadeeffect.obj
d:\ratrivals26\source\intermediate\interfacelib\r_wikigames_eng_win32\infgamemainqslot.obj
d:\ratrivals26\source\intermediate\interfacelib\r_wikigames_eng_win32\infimagecomboboxex.obj
d:\ratrivals26\source\intermediate\interfacelib\r_wikigames_eng_win32\infiteminfo.obj
d:\ratrivals26\source\intermediate\interfacelib\r_wikigames_eng_win32\infmissioninfo.obj
d:\ratrivals26\source\intermediate\interfacelib\r_wikigames_eng_win32\infmissionmapviewctrl.obj
d:\ratrivals26\source\intermediate\interfacelib\r_wikigames_eng_win32\infopjoystick.obj
d:\ratrivals26\source\intermediate\interfacelib\r_wikigames_eng_win32\infreturnauctionlist.obj
d:\ratrivals26\source\intermediate\interfacelib\r_wikigames_eng_win32\infselectback.obj
d:\ratrivals26\source\intermediate\interfacelib\r_wikigames_eng_win32\inftradeitemcenter.obj
d:\ratrivals26\source\intermediate\interfacelib\r_wikigames_eng_win32\infworldrankwnd.obj
d:\ratrivals26\source\intermediate\interfacelib\r_wikigames_eng_win32\imekey.obj
d:\ratrivals26\source\intermediate\interfacelib\r_wikigames_eng_win32\infarmorcollectwnd.obj
d:\ratrivals26\source\intermediate\interfacelib\r_wikigames_eng_win32\infcityskillshop.obj
d:\ratrivals26\source\intermediate\interfacelib\r_wikigames_eng_win32\infcommunityletter.obj
d:\ratrivals26\source\intermediate\interfacelib\r_wikigames_eng_win32\infdamageview.obj
d:\ratrivals26\source\intermediate\interfacelib\r_wikigames_eng_win32\infgamemainfaq.obj
d:\ratrivals26\source\intermediate\interfacelib\r_wikigames_eng_win32\infimagebtn.obj
d:\ratrivals26\source\intermediate\interfacelib\r_wikigames_eng_win32\infinfinity.obj
d:\ratrivals26\source\intermediate\interfacelib\r_wikigames_eng_win32\infmenulist.obj
d:\ratrivals26\source\intermediate\interfacelib\r_wikigames_eng_win32\infopmain.obj
d:\ratrivals26\source\intermediate\interfacelib\r_wikigames_eng_win32\infscrollbar.obj
d:\ratrivals26\source\intermediate\interfacelib\r_wikigames_eng_win32\infselectoption.obj
d:\ratrivals26\source\intermediate\interfacelib\r_wikigames_eng_win32\inftradeitembuy.obj
d:\ratrivals26\source\intermediate\interfacelib\r_wikigames_eng_win32\spritedrawfix.obj
d:\ratrivals26\source\intermediate\interfacelib\r_wikigames_eng_win32\interfacelib.pdb
d:\ratrivals26\source\build\lib\interfacelib.lib
d:\ratrivals26\source\client\..\build\lib\interfacelib.pdb
d:\ratrivals26\source\client\..\intermediate\interfacelib\r_wikigames_eng_win32\interfacelib.vcxproj.filelistabsolute.txt
d:\ratrivals26\source\intermediate\interfacelib\r_wikigames_eng_win32\interfacelib.tlog\cl.command.1.tlog
d:\ratrivals26\source\intermediate\interfacelib\r_wikigames_eng_win32\interfacelib.tlog\cl.items.tlog
d:\ratrivals26\source\intermediate\interfacelib\r_wikigames_eng_win32\interfacelib.tlog\cl.read.1.tlog
d:\ratrivals26\source\intermediate\interfacelib\r_wikigames_eng_win32\interfacelib.tlog\cl.write.1.tlog
d:\ratrivals26\source\intermediate\interfacelib\r_wikigames_eng_win32\interfacelib.tlog\lib-link.write.1.tlog
d:\ratrivals26\source\intermediate\interfacelib\r_wikigames_eng_win32\interfacelib.tlog\lib.command.1.tlog
d:\ratrivals26\source\intermediate\interfacelib\r_wikigames_eng_win32\interfacelib.tlog\lib.read.1.tlog
d:\ratrivals26\source\intermediate\interfacelib\r_wikigames_eng_win32\interfacelib.tlog\metagen.read.1.tlog
d:\ratrivals26\source\intermediate\interfacelib\r_wikigames_eng_win32\interfacelib.tlog\metagen.write.1.tlog
d:\ratrivals26\source\intermediate\interfacelib\r_wikigames_eng_win32\interfacelib.tlog\clui.dll.bi
