d:\ratrivals26\source\intermediate\preserver\r_wikigames_eng_win32\vc140.pch
d:\ratrivals26\source\intermediate\preserver\r_wikigames_eng_win32\vc145.pdb
d:\ratrivals26\source\intermediate\preserver\r_wikigames_eng_win32\stdafx.obj
d:\ratrivals26\source\intermediate\preserver\r_wikigames_eng_win32\atumthread.obj
d:\ratrivals26\source\intermediate\preserver\r_wikigames_eng_win32\iocpsocket.obj
d:\ratrivals26\source\intermediate\preserver\r_wikigames_eng_win32\mapchannel.obj
d:\ratrivals26\source\intermediate\preserver\r_wikigames_eng_win32\vmempool.obj
d:\ratrivals26\source\intermediate\preserver\r_wikigames_eng_win32\accountblockmanager.obj
d:\ratrivals26\source\intermediate\preserver\r_wikigames_eng_win32\atumdbmanager.obj
d:\ratrivals26\source\intermediate\preserver\r_wikigames_eng_win32\securitymanager.obj
d:\ratrivals26\source\intermediate\preserver\r_wikigames_eng_win32\preiocp.obj
d:\ratrivals26\source\intermediate\preserver\r_wikigames_eng_win32\atumsj.obj
d:\ratrivals26\source\intermediate\preserver\r_wikigames_eng_win32\servergroup.obj
d:\ratrivals26\source\intermediate\preserver\r_wikigames_eng_win32\nplaypcbangmodule.obj
d:\ratrivals26\source\intermediate\preserver\r_wikigames_eng_win32\atumdbhelper.obj
d:\ratrivals26\source\intermediate\preserver\r_wikigames_eng_win32\soapconnect.obj
d:\ratrivals26\source\intermediate\preserver\r_wikigames_eng_win32\atumpredbmanager.obj
d:\ratrivals26\source\intermediate\preserver\r_wikigames_eng_win32\globalgameserver.obj
d:\ratrivals26\source\intermediate\preserver\r_wikigames_eng_win32\queueint.obj
d:\ratrivals26\source\intermediate\preserver\r_wikigames_eng_win32\vmem.obj
d:\ratrivals26\source\intermediate\preserver\r_wikigames_eng_win32\sha256.obj
d:\ratrivals26\source\intermediate\preserver\r_wikigames_eng_win32\preserver.obj
d:\ratrivals26\source\intermediate\preserver\r_wikigames_eng_win32\global.obj
d:\ratrivals26\source\intermediate\preserver\r_wikigames_eng_win32\httpmanager.obj
d:\ratrivals26\source\intermediate\preserver\r_wikigames_eng_win32\loadlibrary.obj
d:\ratrivals26\source\intermediate\preserver\r_wikigames_eng_win32\monster.obj
d:\ratrivals26\source\intermediate\preserver\r_wikigames_eng_win32\socketheader.obj
d:\ratrivals26\source\intermediate\preserver\r_wikigames_eng_win32\md5_lib_src.obj
d:\ratrivals26\source\intermediate\preserver\r_wikigames_eng_win32\selectiveshutdown.obj
d:\ratrivals26\source\intermediate\preserver\r_wikigames_eng_win32\gamedatalast.obj
d:\ratrivals26\source\intermediate\preserver\r_wikigames_eng_win32\localization.obj
d:\ratrivals26\source\intermediate\preserver\r_wikigames_eng_win32\overlapped.obj
d:\ratrivals26\source\intermediate\preserver\r_wikigames_eng_win32\tickmanager.obj
d:\ratrivals26\source\intermediate\preserver\r_wikigames_eng_win32\winsocket.obj
d:\ratrivals26\source\intermediate\preserver\r_wikigames_eng_win32\pretickmanager.obj
d:\ratrivals26\source\intermediate\preserver\r_wikigames_eng_win32\generichttpclient.obj
d:\ratrivals26\source\intermediate\preserver\r_wikigames_eng_win32\innovalibrary.obj
d:\ratrivals26\source\intermediate\preserver\r_wikigames_eng_win32\mapblock.obj
d:\ratrivals26\source\intermediate\preserver\r_wikigames_eng_win32\threadcheck.obj
d:\ratrivals26\source\intermediate\preserver\r_wikigames_eng_win32\winpacket.obj
d:\ratrivals26\source\intermediate\preserver\r_wikigames_eng_win32\preglobal.obj
d:\ratrivals26\source\intermediate\preserver\r_wikigames_eng_win32\atumparamprotocol.obj
d:\ratrivals26\source\intermediate\preserver\r_wikigames_eng_win32\mtcriticalsection.obj
d:\ratrivals26\source\intermediate\preserver\r_wikigames_eng_win32\odbcstatement.obj
d:\ratrivals26\source\intermediate\preserver\r_wikigames_eng_win32\systemlogmanager.obj
d:\ratrivals26\source\intermediate\preserver\r_wikigames_eng_win32\waypointmanager.obj
d:\ratrivals26\source\intermediate\preserver\r_wikigames_eng_win32\shutdowntarget.obj
d:\ratrivals26\source\intermediate\preserver\r_wikigames_eng_win32\atumdatetime.obj
d:\ratrivals26\source\intermediate\preserver\r_wikigames_eng_win32\iocp.obj
d:\ratrivals26\source\intermediate\preserver\r_wikigames_eng_win32\mapworkspace.obj
d:\ratrivals26\source\intermediate\preserver\r_wikigames_eng_win32\config.obj
d:\ratrivals26\source\intermediate\preserver\r_wikigames_eng_win32\mtautocriticalsection.obj
d:\ratrivals26\source\intermediate\preserver\r_wikigames_eng_win32\mapproject.obj
d:\ratrivals26\source\intermediate\preserver\r_wikigames_eng_win32\preiocpsocket.obj
d:\ratrivals26\source\intermediate\preserver\r_wikigames_eng_win32\atumparamprotocolfunctions.obj
d:\ratrivals26\source\intermediate\preserver\r_wikigames_eng_win32\monsterdbaccess.obj
d:\ratrivals26\source\intermediate\preserver\r_wikigames_eng_win32\xor_lib.obj
d:\ratrivals26\source\intermediate\preserver\r_wikigames_eng_win32\sptompwinsocket.obj
d:\ratrivals26\source\build\bins\preserver.exe
d:\ratrivals26\source\build\bins\preserver.map
d:\ratrivals26\source\build\bins\preserver.pdb
d:\ratrivals26\source\intermediate\preserver\r_wikigames_eng_win32\preserver.res
d:\ratrivals26\source\intermediate\preserver\r_wikigames_eng_win32\preserver.ipdb
d:\ratrivals26\source\intermediate\preserver\r_wikigames_eng_win32\preserver.iobj
d:\ratrivals26\source\server\gameserver\..\..\build\bins\preserver.pdb
d:\ratrivals26\source\server\gameserver\..\..\intermediate\preserver\r_wikigames_eng_win32\preserver.vcxproj.filelistabsolute.txt
d:\ratrivals26\source\intermediate\preserver\r_wikigames_eng_win32\preserver.tlog\cl.command.1.tlog
d:\ratrivals26\source\intermediate\preserver\r_wikigames_eng_win32\preserver.tlog\cl.items.tlog
d:\ratrivals26\source\intermediate\preserver\r_wikigames_eng_win32\preserver.tlog\cl.read.1.tlog
d:\ratrivals26\source\intermediate\preserver\r_wikigames_eng_win32\preserver.tlog\cl.write.1.tlog
d:\ratrivals26\source\intermediate\preserver\r_wikigames_eng_win32\preserver.tlog\link.command.1.tlog
d:\ratrivals26\source\intermediate\preserver\r_wikigames_eng_win32\preserver.tlog\link.read.1.tlog
d:\ratrivals26\source\intermediate\preserver\r_wikigames_eng_win32\preserver.tlog\link.secondary.1.tlog
d:\ratrivals26\source\intermediate\preserver\r_wikigames_eng_win32\preserver.tlog\link.write.1.tlog
d:\ratrivals26\source\intermediate\preserver\r_wikigames_eng_win32\preserver.tlog\metagen.read.1.tlog
d:\ratrivals26\source\intermediate\preserver\r_wikigames_eng_win32\preserver.tlog\metagen.write.1.tlog
d:\ratrivals26\source\intermediate\preserver\r_wikigames_eng_win32\preserver.tlog\rc.command.1.tlog
d:\ratrivals26\source\intermediate\preserver\r_wikigames_eng_win32\preserver.tlog\rc.read.1.tlog
d:\ratrivals26\source\intermediate\preserver\r_wikigames_eng_win32\preserver.tlog\rc.write.1.tlog
d:\ratrivals26\source\intermediate\preserver\r_wikigames_eng_win32\preserver.tlog\clui.dll.bi
