  XmlRpcClient.cpp
D:\RatRivals26\Source\Server\XmlRpc\src\XmlRpcClient.cpp(247,3): warning C4996: 'sprintf': This function or variable may be unsafe. Consider using sprintf_s instead. To disable deprecation, use _CRT_SECURE_NO_WARNINGS. See online help for details.
D:\RatRivals26\Source\Server\XmlRpc\src\XmlRpcClient.cpp(252,3): warning C4996: 'sprintf': This function or variable may be unsafe. Consider using sprintf_s instead. To disable deprecation, use _CRT_SECURE_NO_WARNINGS. See online help for details.
  XmlRpcDispatch.cpp
D:\RatRivals26\Source\Server\XmlRpc\src\XmlRpcDispatch.cpp(197,3): warning C4996: '_ftime64': This function or variable may be unsafe. Consider using _ftime64_s instead. To disable deprecation, use _CRT_SECURE_NO_WARNINGS. See online help for details.
  XmlRpcServer.cpp
  XmlRpcServerConnection.cpp
D:\RatRivals26\Source\Server\XmlRpc\src\XmlRpcServerConnection.cpp(348,3): warning C4996: 'sprintf': This function or variable may be unsafe. Consider using sprintf_s instead. To disable deprecation, use _CRT_SECURE_NO_WARNINGS. See online help for details.
  XmlRpcServerMethod.cpp
  XmlRpcSocket.cpp
D:\RatRivals26\Source\Server\XmlRpc\src\XmlRpcSocket.cpp(12,10): warning C4005: 'EINPROGRESS': macro redefinition
      C:\Program Files (x86)\Windows Kits\10\Include\10.0.26100.0\ucrt\errno.h(101,13):
      see previous definition of 'EINPROGRESS'
  
D:\RatRivals26\Source\Server\XmlRpc\src\XmlRpcSocket.cpp(13,10): warning C4005: 'EWOULDBLOCK': macro redefinition
      C:\Program Files (x86)\Windows Kits\10\Include\10.0.26100.0\ucrt\errno.h(129,13):
      see previous definition of 'EWOULDBLOCK'
  
D:\RatRivals26\Source\Server\XmlRpc\src\XmlRpcSocket.cpp(14,10): warning C4005: 'ETIMEDOUT': macro redefinition
      C:\Program Files (x86)\Windows Kits\10\Include\10.0.26100.0\ucrt\errno.h(127,13):
      see previous definition of 'ETIMEDOUT'
  
D:\RatRivals26\Source\Server\XmlRpc\src\XmlRpcSocket.cpp(154,24): warning C4996: 'gethostbyname': Use getaddrinfo() or GetAddrInfoW() instead or define _WINSOCK_DEPRECATED_NO_WARNINGS to disable deprecated API warnings
D:\RatRivals26\Source\Server\XmlRpc\src\XmlRpcSocket.cpp(256,3): warning C4996: '_snprintf': This function or variable may be unsafe. Consider using _snprintf_s instead. To disable deprecation, use _CRT_SECURE_NO_WARNINGS. See online help for details.
  XmlRpcSource.cpp
  XmlRpcUtil.cpp
D:\RatRivals26\Source\Server\XmlRpc\src\XmlRpcUtil.cpp(78,5): warning C4996: '_vsnprintf': This function or variable may be unsafe. Consider using _vsnprintf_s instead. To disable deprecation, use _CRT_SECURE_NO_WARNINGS. See online help for details.
D:\RatRivals26\Source\Server\XmlRpc\src\XmlRpcUtil.cpp(90,3): warning C4996: '_vsnprintf': This function or variable may be unsafe. Consider using _vsnprintf_s instead. To disable deprecation, use _CRT_SECURE_NO_WARNINGS. See online help for details.
  XmlRpcValue.cpp
D:\RatRivals26\Source\Server\XmlRpc\src\XmlRpcValue.cpp(317,5): warning C4996: '_snprintf': This function or variable may be unsafe. Consider using _snprintf_s instead. To disable deprecation, use _CRT_SECURE_NO_WARNINGS. See online help for details.
D:\RatRivals26\Source\Server\XmlRpc\src\XmlRpcValue.cpp(345,5): warning C4996: '_snprintf': This function or variable may be unsafe. Consider using _snprintf_s instead. To disable deprecation, use _CRT_SECURE_NO_WARNINGS. See online help for details.
D:\RatRivals26\Source\Server\XmlRpc\src\XmlRpcValue.cpp(389,9): warning C4996: 'sscanf': This function or variable may be unsafe. Consider using sscanf_s instead. To disable deprecation, use _CRT_SECURE_NO_WARNINGS. See online help for details.
D:\RatRivals26\Source\Server\XmlRpc\src\XmlRpcValue.cpp(403,5): warning C4996: '_snprintf': This function or variable may be unsafe. Consider using _snprintf_s instead. To disable deprecation, use _CRT_SECURE_NO_WARNINGS. See online help for details.
D:\RatRivals26\Source\Server\XmlRpc\src\XmlRpcValue.cpp(555,11): warning C4996: '_snprintf': This function or variable may be unsafe. Consider using _snprintf_s instead. To disable deprecation, use _CRT_SECURE_NO_WARNINGS. See online help for details.
  Generating Code...
D:\Program Files\Microsoft Visual Studio\18\Community\MSBuild\Microsoft\VC\v180\Microsoft.CppBuild.targets(1577,5): warning MSB8012: TargetPath(D:\RatRivals26\Source\Server\XmlRpc\Release\xmlrpc.lib) does not match the Library's OutputFile property value (D:\RatRivals26\Source\Build\Lib\xmlrpc.lib). This may cause your project to build incorrectly. To correct this, please make sure that $(OutDir), $(TargetName) and $(TargetExt) property values match the value specified in %(Lib.OutputFile).
  xmlrpc.vcxproj -> D:\RatRivals26\Source\Server\XmlRpc\Release\xmlrpc.lib
