  StdAfx.cpp
  AtumDBHelper.cpp
  AtumDBManager.cpp
  AtumDateTime.cpp
  AtumParamProtocol.cpp
  AtumParamProtocolFunctions.cpp
  AtumSJ.cpp
  AtumThread.cpp
  ChatBlockManager.cpp
  Config.cpp
  CountdownChecker.cpp
  Global.cpp
  GlobalGameServer.cpp
  Guild.cpp
  IOCP.cpp
  IOCPSocket.cpp
  Localization.cpp
  MTAutoCriticalSection.cpp
  MTCriticalSection.cpp
  ODBCStatement.cpp
  Overlapped.cpp
  QueueINT.cpp
  SecurityManager.cpp
  ServerGroup.cpp
  SocketHeader.cpp
  SystemLogManager.cpp
  ThreadCheck.cpp
  TickManager.cpp
  VMem.cpp
  VMemPool.cpp
  WayPointManager.cpp
  WinPacket.cpp
  WinSocket.cpp
  XOR_Lib.cpp
  md5_lib_src.cpp
  sha256.cpp
  ChatRoom.cpp
  ChatRoomManager.cpp
  IMServer.cpp
  ANoticeManager.cpp
  IMGlobal.cpp
  IMParty.cpp
  IMTickManager.cpp
  AtumIMDBManager.cpp
  IMIOCP.cpp
  IMIOCPSocket.cpp
  PreIMWinSocket.cpp
  Generating code
  283 of 4508 functions ( 6.3%) were compiled, the rest were copied from previous compilation.
    0 functions were new in current compilation
    97 functions had inline decision re-evaluated but remain unchanged
  Finished generating code
  IMServer.vcxproj -> D:\RatRivals26\Source\Build\Bins\IMServer.exe
