d:\ratrivals26\source\intermediate\imserver\r_wikigames_eng_win32\vc140.pch
d:\ratrivals26\source\intermediate\imserver\r_wikigames_eng_win32\vc145.pdb
d:\ratrivals26\source\intermediate\imserver\r_wikigames_eng_win32\stdafx.obj
d:\ratrivals26\source\intermediate\imserver\r_wikigames_eng_win32\atumparamprotocolfunctions.obj
d:\ratrivals26\source\intermediate\imserver\r_wikigames_eng_win32\mtautocriticalsection.obj
d:\ratrivals26\source\intermediate\imserver\r_wikigames_eng_win32\queueint.obj
d:\ratrivals26\source\intermediate\imserver\r_wikigames_eng_win32\tickmanager.obj
d:\ratrivals26\source\intermediate\imserver\r_wikigames_eng_win32\imiocpsocket.obj
d:\ratrivals26\source\intermediate\imserver\r_wikigames_eng_win32\atumdatetime.obj
d:\ratrivals26\source\intermediate\imserver\r_wikigames_eng_win32\countdownchecker.obj
d:\ratrivals26\source\intermediate\imserver\r_wikigames_eng_win32\overlapped.obj
d:\ratrivals26\source\intermediate\imserver\r_wikigames_eng_win32\socketheader.obj
d:\ratrivals26\source\intermediate\imserver\r_wikigames_eng_win32\waypointmanager.obj
d:\ratrivals26\source\intermediate\imserver\r_wikigames_eng_win32\atumimdbmanager.obj
d:\ratrivals26\source\intermediate\imserver\r_wikigames_eng_win32\localization.obj
d:\ratrivals26\source\intermediate\imserver\r_wikigames_eng_win32\threadcheck.obj
d:\ratrivals26\source\intermediate\imserver\r_wikigames_eng_win32\imglobal.obj
d:\ratrivals26\source\intermediate\imserver\r_wikigames_eng_win32\chatblockmanager.obj
d:\ratrivals26\source\intermediate\imserver\r_wikigames_eng_win32\globalgameserver.obj
d:\ratrivals26\source\intermediate\imserver\r_wikigames_eng_win32\xor_lib.obj
d:\ratrivals26\source\intermediate\imserver\r_wikigames_eng_win32\imserver.obj
d:\ratrivals26\source\intermediate\imserver\r_wikigames_eng_win32\atumdbmanager.obj
d:\ratrivals26\source\intermediate\imserver\r_wikigames_eng_win32\iocpsocket.obj
d:\ratrivals26\source\intermediate\imserver\r_wikigames_eng_win32\securitymanager.obj
d:\ratrivals26\source\intermediate\imserver\r_wikigames_eng_win32\winsocket.obj
d:\ratrivals26\source\intermediate\imserver\r_wikigames_eng_win32\chatroommanager.obj
d:\ratrivals26\source\intermediate\imserver\r_wikigames_eng_win32\global.obj
d:\ratrivals26\source\intermediate\imserver\r_wikigames_eng_win32\odbcstatement.obj
d:\ratrivals26\source\intermediate\imserver\r_wikigames_eng_win32\vmem.obj
d:\ratrivals26\source\intermediate\imserver\r_wikigames_eng_win32\sha256.obj
d:\ratrivals26\source\intermediate\imserver\r_wikigames_eng_win32\imiocp.obj
d:\ratrivals26\source\intermediate\imserver\r_wikigames_eng_win32\guild.obj
d:\ratrivals26\source\intermediate\imserver\r_wikigames_eng_win32\preimwinsocket.obj
d:\ratrivals26\source\intermediate\imserver\r_wikigames_eng_win32\atumthread.obj
d:\ratrivals26\source\intermediate\imserver\r_wikigames_eng_win32\mtcriticalsection.obj
d:\ratrivals26\source\intermediate\imserver\r_wikigames_eng_win32\systemlogmanager.obj
d:\ratrivals26\source\intermediate\imserver\r_wikigames_eng_win32\md5_lib_src.obj
d:\ratrivals26\source\intermediate\imserver\r_wikigames_eng_win32\imparty.obj
d:\ratrivals26\source\intermediate\imserver\r_wikigames_eng_win32\config.obj
d:\ratrivals26\source\intermediate\imserver\r_wikigames_eng_win32\servergroup.obj
d:\ratrivals26\source\intermediate\imserver\r_wikigames_eng_win32\vmempool.obj
d:\ratrivals26\source\intermediate\imserver\r_wikigames_eng_win32\chatroom.obj
d:\ratrivals26\source\intermediate\imserver\r_wikigames_eng_win32\atumparamprotocol.obj
d:\ratrivals26\source\intermediate\imserver\r_wikigames_eng_win32\iocp.obj
d:\ratrivals26\source\intermediate\imserver\r_wikigames_eng_win32\winpacket.obj
d:\ratrivals26\source\intermediate\imserver\r_wikigames_eng_win32\imtickmanager.obj
d:\ratrivals26\source\intermediate\imserver\r_wikigames_eng_win32\atumdbhelper.obj
d:\ratrivals26\source\intermediate\imserver\r_wikigames_eng_win32\atumsj.obj
d:\ratrivals26\source\intermediate\imserver\r_wikigames_eng_win32\anoticemanager.obj
d:\ratrivals26\source\build\bins\imserver.exe
d:\ratrivals26\source\build\bins\imserver.map
d:\ratrivals26\source\build\bins\imserver.pdb
d:\ratrivals26\source\intermediate\imserver\r_wikigames_eng_win32\imserver.tlog\metagen.write.1.tlog
d:\ratrivals26\source\intermediate\imserver\r_wikigames_eng_win32\imserver.res
d:\ratrivals26\source\intermediate\imserver\r_wikigames_eng_win32\imserver.ipdb
d:\ratrivals26\source\intermediate\imserver\r_wikigames_eng_win32\imserver.iobj
d:\ratrivals26\source\server\gameserver\..\..\build\bins\imserver.pdb
d:\ratrivals26\source\server\gameserver\..\..\intermediate\imserver\r_wikigames_eng_win32\imserver.vcxproj.filelistabsolute.txt
d:\ratrivals26\source\intermediate\imserver\r_wikigames_eng_win32\imserver.tlog\cl.command.1.tlog
d:\ratrivals26\source\intermediate\imserver\r_wikigames_eng_win32\imserver.tlog\cl.items.tlog
d:\ratrivals26\source\intermediate\imserver\r_wikigames_eng_win32\imserver.tlog\cl.read.1.tlog
d:\ratrivals26\source\intermediate\imserver\r_wikigames_eng_win32\imserver.tlog\cl.write.1.tlog
d:\ratrivals26\source\intermediate\imserver\r_wikigames_eng_win32\imserver.tlog\link.command.1.tlog
d:\ratrivals26\source\intermediate\imserver\r_wikigames_eng_win32\imserver.tlog\link.read.1.tlog
d:\ratrivals26\source\intermediate\imserver\r_wikigames_eng_win32\imserver.tlog\link.secondary.1.tlog
d:\ratrivals26\source\intermediate\imserver\r_wikigames_eng_win32\imserver.tlog\link.write.1.tlog
d:\ratrivals26\source\intermediate\imserver\r_wikigames_eng_win32\imserver.tlog\metagen.read.1.tlog
d:\ratrivals26\source\intermediate\imserver\r_wikigames_eng_win32\imserver.tlog\rc.command.1.tlog
d:\ratrivals26\source\intermediate\imserver\r_wikigames_eng_win32\imserver.tlog\rc.read.1.tlog
d:\ratrivals26\source\intermediate\imserver\r_wikigames_eng_win32\imserver.tlog\rc.write.1.tlog
d:\ratrivals26\source\intermediate\imserver\r_wikigames_eng_win32\imserver.tlog\vctip.exe.metagen
d:\ratrivals26\source\intermediate\imserver\r_wikigames_eng_win32\imserver.tlog\clui.dll.bi
