d:\ratrivals26\source\intermediate\socketlib\r_wikigames_eng_win32\fieldwinsocket.obj
d:\ratrivals26\source\intermediate\socketlib\r_wikigames_eng_win32\winpacket.obj
d:\ratrivals26\source\intermediate\socketlib\r_wikigames_eng_win32\winsocket.obj
d:\ratrivals26\source\intermediate\socketlib\r_wikigames_eng_win32\socketheader.obj
d:\ratrivals26\source\intermediate\socketlib\r_wikigames_eng_win32\imsocket.obj
d:\ratrivals26\source\intermediate\socketlib\r_wikigames_eng_win32\socketlib.pdb
d:\ratrivals26\source\build\lib\socketlib.lib
d:\ratrivals26\source\client\..\build\lib\socketlib.pdb
d:\ratrivals26\source\client\..\intermediate\socketlib\r_wikigames_eng_win32\socketlib.vcxproj.filelistabsolute.txt
d:\ratrivals26\source\intermediate\socketlib\r_wikigames_eng_win32\socketlib.tlog\cl.command.1.tlog
d:\ratrivals26\source\intermediate\socketlib\r_wikigames_eng_win32\socketlib.tlog\cl.items.tlog
d:\ratrivals26\source\intermediate\socketlib\r_wikigames_eng_win32\socketlib.tlog\cl.read.1.tlog
d:\ratrivals26\source\intermediate\socketlib\r_wikigames_eng_win32\socketlib.tlog\cl.write.1.tlog
d:\ratrivals26\source\intermediate\socketlib\r_wikigames_eng_win32\socketlib.tlog\lib-link.write.1.tlog
d:\ratrivals26\source\intermediate\socketlib\r_wikigames_eng_win32\socketlib.tlog\lib.command.1.tlog
d:\ratrivals26\source\intermediate\socketlib\r_wikigames_eng_win32\socketlib.tlog\lib.read.1.tlog
d:\ratrivals26\source\intermediate\socketlib\r_wikigames_eng_win32\socketlib.tlog\metagen.read.1.tlog
d:\ratrivals26\source\intermediate\socketlib\r_wikigames_eng_win32\socketlib.tlog\metagen.write.1.tlog
d:\ratrivals26\source\intermediate\socketlib\r_wikigames_eng_win32\socketlib.tlog\clui.dll.bi
d:\ratrivals26\source\intermediate\socketlib\r_wikigames_eng_win32\socketlib.tlog\mspdbsrv.exe.bi
