  StdAfx.cpp
  AtumDBHelper.cpp
  AtumDateTime.cpp
  AtumParamProtocol.cpp
  AtumParamProtocolFunctions.cpp
  AtumSJ.cpp
  BrowseForFolder.cpp
  Global.cpp
  GridCell.cpp
  GridCellBase.cpp
  GridCtrl.cpp
  GridDropTarget.cpp
  InPlaceEdit.cpp
  TitleTip.cpp
  Localization.cpp
  ODBCStatement.cpp
  Quest.cpp
  SocketHeader.cpp
  SystemLogManager.cpp
  UserVariable.cpp
  VMem.cpp
  VMemPool.cpp
  WayPointManager.cpp
  WinPacket.cpp
  WinSocket.cpp
  XOR_Lib.cpp
  md5_lib_src.cpp
  EngineItemDetailDlg.cpp
  EngineItemDlg.cpp
  LinkDetailDlg.cpp
  LogTabConnection.cpp
  LogTabGuildItem.cpp
  LogTabItem.cpp
  LogTabServerIntegration.cpp
  LogTabUser.cpp
  MapEditorDetailDlg.cpp
  MapEditorDlg.cpp
  MonsterAttackDetailDlg.cpp
  MonsterAttackDlg.cpp
  MonsterDetailDlg.cpp
  MonsterDlg.cpp
  MonsterDropDetailDlg.cpp
  MonsterDropDlg.cpp
  MyTabCtrl.cpp
  PreviewDlg.cpp
  QuestEditorDlg.cpp
  QuestLoadDlg.cpp
  SCGridHelper.cpp
  SCLogAdminDlg.cpp
  SelectItemDlg.cpp
  SetLanguageDlg.cpp
  SpaceCowboyDBEditorTool.cpp
  SpaceCowboyDBEditorToolDlg.cpp
  StatisticPage100Dlg.cpp
  StatisticPage101Dlg.cpp
  StatisticPage102Dlg.cpp
  StatisticPage1Dlg.cpp
  StatisticPage2Dlg.cpp
  StatisticPage3Dlg.cpp
  StatisticPage4Dlg.cpp
  StatisticPage5Dlg.cpp
  StatisticPage61Dlg.cpp
  StatisticPage62Dlg.cpp
  StatisticPage6Dlg.cpp
  StatisticPage71Dlg.cpp
  StatisticPage7Dlg.cpp
  StatisticPage8Dlg.cpp
  StatisticPage97Dlg.cpp
  StatisticPage98Dlg.cpp
  StatisticPage99Dlg.cpp
  StatisticPage9Dlg.cpp
  StatisticSheetDlg.cpp
  WeaponItem.cpp
  WeaponItemDetail.cpp
  WriteLog.cpp
  Generating code
  Previous IPDB and IOBJ mismatch, fall back to full compilation.
  All 5039 functions were compiled because no usable IPDB/IOBJ from previous compilation was found.
  Finished generating code
  SpaceCowboyDBEditorTool.vcxproj -> D:\RatRivals26\Source\Build\Tools\SpaceCowboyDBEditorTool.exe
