d:\ratrivals26\source\intermediate\spacecowboydbeditortool\r_wikigames_eng_win32\vmem.obj
d:\ratrivals26\source\intermediate\spacecowboydbeditortool\r_wikigames_eng_win32\griddroptarget.obj
d:\ratrivals26\source\intermediate\spacecowboydbeditortool\r_wikigames_eng_win32\global.obj
d:\ratrivals26\source\intermediate\spacecowboydbeditortool\r_wikigames_eng_win32\gridcellbase.obj
d:\ratrivals26\source\intermediate\spacecowboydbeditortool\r_wikigames_eng_win32\waypointmanager.obj
d:\ratrivals26\source\intermediate\spacecowboydbeditortool\r_wikigames_eng_win32\xor_lib.obj
d:\ratrivals26\source\intermediate\spacecowboydbeditortool\r_wikigames_eng_win32\titletip.obj
d:\ratrivals26\source\intermediate\spacecowboydbeditortool\r_wikigames_eng_win32\md5_lib_src.obj
d:\ratrivals26\source\intermediate\spacecowboydbeditortool\r_wikigames_eng_win32\atumsj.obj
d:\ratrivals26\source\intermediate\spacecowboydbeditortool\r_wikigames_eng_win32\logtabconnection.obj
d:\ratrivals26\source\intermediate\spacecowboydbeditortool\r_wikigames_eng_win32\atumdbhelper.obj
d:\ratrivals26\source\intermediate\spacecowboydbeditortool\r_wikigames_eng_win32\systemlogmanager.obj
d:\ratrivals26\source\intermediate\spacecowboydbeditortool\r_wikigames_eng_win32\browseforfolder.obj
d:\ratrivals26\source\intermediate\spacecowboydbeditortool\r_wikigames_eng_win32\uservariable.obj
d:\ratrivals26\source\intermediate\spacecowboydbeditortool\r_wikigames_eng_win32\atumparamprotocol.obj
d:\ratrivals26\source\intermediate\spacecowboydbeditortool\r_wikigames_eng_win32\localization.obj
d:\ratrivals26\source\intermediate\spacecowboydbeditortool\r_wikigames_eng_win32\socketheader.obj
d:\ratrivals26\source\intermediate\spacecowboydbeditortool\r_wikigames_eng_win32\gridcell.obj
d:\ratrivals26\source\intermediate\spacecowboydbeditortool\r_wikigames_eng_win32\engineitemdetaildlg.obj
d:\ratrivals26\source\intermediate\spacecowboydbeditortool\r_wikigames_eng_win32\winsocket.obj
d:\ratrivals26\source\intermediate\spacecowboydbeditortool\r_wikigames_eng_win32\odbcstatement.obj
d:\ratrivals26\source\intermediate\spacecowboydbeditortool\r_wikigames_eng_win32\winpacket.obj
d:\ratrivals26\source\intermediate\spacecowboydbeditortool\r_wikigames_eng_win32\atumparamprotocolfunctions.obj
d:\ratrivals26\source\intermediate\spacecowboydbeditortool\r_wikigames_eng_win32\engineitemdlg.obj
d:\ratrivals26\source\intermediate\spacecowboydbeditortool\r_wikigames_eng_win32\atumdatetime.obj
d:\ratrivals26\source\intermediate\spacecowboydbeditortool\r_wikigames_eng_win32\inplaceedit.obj
d:\ratrivals26\source\intermediate\spacecowboydbeditortool\r_wikigames_eng_win32\vmempool.obj
d:\ratrivals26\source\intermediate\spacecowboydbeditortool\r_wikigames_eng_win32\gridctrl.obj
d:\ratrivals26\source\intermediate\spacecowboydbeditortool\r_wikigames_eng_win32\linkdetaildlg.obj
d:\ratrivals26\source\intermediate\spacecowboydbeditortool\r_wikigames_eng_win32\vc145.pdb
d:\ratrivals26\source\intermediate\spacecowboydbeditortool\r_wikigames_eng_win32\vc140.pch
d:\ratrivals26\source\intermediate\spacecowboydbeditortool\r_wikigames_eng_win32\stdafx.obj
d:\ratrivals26\source\server\gameserver\..\..\intermediate\spacecowboydbeditortool\r_wikigames_eng_win32\spacecowboydbeditortool.vcxproj.filelistabsolute.txt
d:\ratrivals26\source\intermediate\spacecowboydbeditortool\r_wikigames_eng_win32\spacecow.54b2dbaf.tlog\cl.command.1.tlog
d:\ratrivals26\source\intermediate\spacecowboydbeditortool\r_wikigames_eng_win32\spacecow.54b2dbaf.tlog\cl.read.1.tlog
d:\ratrivals26\source\intermediate\spacecowboydbeditortool\r_wikigames_eng_win32\spacecow.54b2dbaf.tlog\cl.write.1.tlog
d:\ratrivals26\source\intermediate\spacecowboydbeditortool\r_wikigames_eng_win32\spacecow.54b2dbaf.tlog\metagen.write.1.tlog
