d:\ratrivals26\source\intermediate\logserver\r_wikigames_eng_win32\atumdatetime.obj
d:\ratrivals26\source\intermediate\logserver\r_wikigames_eng_win32\odbcstatement.obj
d:\ratrivals26\source\intermediate\logserver\r_wikigames_eng_win32\xor_lib.obj
d:\ratrivals26\source\intermediate\logserver\r_wikigames_eng_win32\logiocpsocket.obj
d:\ratrivals26\source\intermediate\logserver\r_wikigames_eng_win32\config.obj
d:\ratrivals26\source\intermediate\logserver\r_wikigames_eng_win32\mtautocriticalsection.obj
d:\ratrivals26\source\intermediate\logserver\r_wikigames_eng_win32\winpacket.obj
d:\ratrivals26\source\intermediate\logserver\r_wikigames_eng_win32\atumparamprotocolfunctions.obj
d:\ratrivals26\source\intermediate\logserver\r_wikigames_eng_win32\socketheader.obj
d:\ratrivals26\source\intermediate\logserver\r_wikigames_eng_win32\glogdbmanager.obj
d:\ratrivals26\source\intermediate\logserver\r_wikigames_eng_win32\iocp.obj
d:\ratrivals26\source\intermediate\logserver\r_wikigames_eng_win32\threadcheck.obj
d:\ratrivals26\source\intermediate\logserver\r_wikigames_eng_win32\logglobal.obj
d:\ratrivals26\source\intermediate\logserver\r_wikigames_eng_win32\atumparamprotocol.obj
d:\ratrivals26\source\intermediate\logserver\r_wikigames_eng_win32\systemlogmanager.obj
d:\ratrivals26\source\intermediate\logserver\r_wikigames_eng_win32\atumlogdbmanager.obj
d:\ratrivals26\source\intermediate\logserver\r_wikigames_eng_win32\global.obj
d:\ratrivals26\source\intermediate\logserver\r_wikigames_eng_win32\queueint.obj
d:\ratrivals26\source\intermediate\logserver\r_wikigames_eng_win32\sha256.obj
d:\ratrivals26\source\intermediate\logserver\r_wikigames_eng_win32\globalgameserver.obj
d:\ratrivals26\source\intermediate\logserver\r_wikigames_eng_win32\vmempool.obj
d:\ratrivals26\source\intermediate\logserver\r_wikigames_eng_win32\glogexecmanager.obj
d:\ratrivals26\source\intermediate\logserver\r_wikigames_eng_win32\atumdbmanager.obj
d:\ratrivals26\source\intermediate\logserver\r_wikigames_eng_win32\vmem.obj
d:\ratrivals26\source\intermediate\logserver\r_wikigames_eng_win32\stdafx.obj
d:\ratrivals26\source\intermediate\logserver\r_wikigames_eng_win32\atumdbhelper.obj
d:\ratrivals26\source\intermediate\logserver\r_wikigames_eng_win32\waypointmanager.obj
d:\ratrivals26\source\intermediate\logserver\r_wikigames_eng_win32\atumdblogwriter.obj
d:\ratrivals26\source\intermediate\logserver\r_wikigames_eng_win32\mtcriticalsection.obj
d:\ratrivals26\source\intermediate\logserver\r_wikigames_eng_win32\logserver.obj
d:\ratrivals26\source\intermediate\logserver\r_wikigames_eng_win32\atumthread.obj
d:\ratrivals26\source\intermediate\logserver\r_wikigames_eng_win32\overlapped.obj
d:\ratrivals26\source\intermediate\logserver\r_wikigames_eng_win32\logiocp.obj
d:\ratrivals26\source\intermediate\logserver\r_wikigames_eng_win32\iocpsocket.obj
d:\ratrivals26\source\intermediate\logserver\r_wikigames_eng_win32\localization.obj
d:\ratrivals26\source\intermediate\logserver\r_wikigames_eng_win32\md5_lib_src.obj
d:\ratrivals26\source\intermediate\logserver\r_wikigames_eng_win32\vc145.pdb
d:\ratrivals26\source\build\bins\logserver.exe
d:\ratrivals26\source\build\bins\logserver.map
d:\ratrivals26\source\build\bins\logserver.pdb
d:\ratrivals26\source\intermediate\logserver\r_wikigames_eng_win32\logserver.tlog\metagen.write.1.tlog
d:\ratrivals26\source\intermediate\logserver\r_wikigames_eng_win32\logserver.res
d:\ratrivals26\source\intermediate\logserver\r_wikigames_eng_win32\logserver.ipdb
d:\ratrivals26\source\intermediate\logserver\r_wikigames_eng_win32\logserver.iobj
d:\ratrivals26\source\server\gameserver\..\..\build\bins\logserver.pdb
d:\ratrivals26\source\server\gameserver\..\..\intermediate\logserver\r_wikigames_eng_win32\logserver.vcxproj.filelistabsolute.txt
d:\ratrivals26\source\intermediate\logserver\r_wikigames_eng_win32\logserver.tlog\cl.10116.write.1.tlog
d:\ratrivals26\source\intermediate\logserver\r_wikigames_eng_win32\logserver.tlog\cl.command.1.tlog
d:\ratrivals26\source\intermediate\logserver\r_wikigames_eng_win32\logserver.tlog\cl.items.tlog
d:\ratrivals26\source\intermediate\logserver\r_wikigames_eng_win32\logserver.tlog\cl.read.1.tlog
d:\ratrivals26\source\intermediate\logserver\r_wikigames_eng_win32\logserver.tlog\link.command.1.tlog
d:\ratrivals26\source\intermediate\logserver\r_wikigames_eng_win32\logserver.tlog\link.read.1.tlog
d:\ratrivals26\source\intermediate\logserver\r_wikigames_eng_win32\logserver.tlog\link.secondary.1.tlog
d:\ratrivals26\source\intermediate\logserver\r_wikigames_eng_win32\logserver.tlog\link.write.1.tlog
d:\ratrivals26\source\intermediate\logserver\r_wikigames_eng_win32\logserver.tlog\metagen.read.1.tlog
d:\ratrivals26\source\intermediate\logserver\r_wikigames_eng_win32\logserver.tlog\rc.command.1.tlog
d:\ratrivals26\source\intermediate\logserver\r_wikigames_eng_win32\logserver.tlog\rc.read.1.tlog
d:\ratrivals26\source\intermediate\logserver\r_wikigames_eng_win32\logserver.tlog\rc.write.1.tlog
d:\ratrivals26\source\intermediate\logserver\r_wikigames_eng_win32\logserver.tlog\vctip.exe.metagen
d:\ratrivals26\source\intermediate\logserver\r_wikigames_eng_win32\logserver.tlog\mspdbsrv.exe.bi
