d:\ratrivals26\source\intermediate\atumlauncher\r_wikigames_eng_win32\atumlauncher.bsc
d:\ratrivals26\source\intermediate\atumlauncher\r_wikigames_eng_win32\vc140.pch
d:\ratrivals26\source\intermediate\atumlauncher\r_wikigames_eng_win32\vc145.pdb
d:\ratrivals26\source\intermediate\atumlauncher\r_wikigames_eng_win32\stdafx.sbr
d:\ratrivals26\source\intermediate\atumlauncher\r_wikigames_eng_win32\stdafx.obj
d:\ratrivals26\source\intermediate\atumlauncher\r_wikigames_eng_win32\atumdatetime.sbr
d:\ratrivals26\source\intermediate\atumlauncher\r_wikigames_eng_win32\atumparamprotocol.sbr
d:\ratrivals26\source\intermediate\atumlauncher\r_wikigames_eng_win32\atumparamprotocolfunctions.sbr
d:\ratrivals26\source\intermediate\atumlauncher\r_wikigames_eng_win32\browseforfolder.sbr
d:\ratrivals26\source\intermediate\atumlauncher\r_wikigames_eng_win32\commandhistory.sbr
d:\ratrivals26\source\intermediate\atumlauncher\r_wikigames_eng_win32\ftpmanager.sbr
d:\ratrivals26\source\intermediate\atumlauncher\r_wikigames_eng_win32\kbcbmp.sbr
d:\ratrivals26\source\intermediate\atumlauncher\r_wikigames_eng_win32\kbcbutton.sbr
d:\ratrivals26\source\intermediate\atumlauncher\r_wikigames_eng_win32\progressctrlx.sbr
d:\ratrivals26\source\intermediate\atumlauncher\r_wikigames_eng_win32\historycombobox.sbr
d:\ratrivals26\source\intermediate\atumlauncher\r_wikigames_eng_win32\httpmanager.sbr
d:\ratrivals26\source\intermediate\atumlauncher\r_wikigames_eng_win32\iexplore.sbr
d:\ratrivals26\source\intermediate\atumlauncher\r_wikigames_eng_win32\listboxebx.sbr
d:\ratrivals26\source\intermediate\atumlauncher\r_wikigames_eng_win32\mgamedecryption.sbr
d:\ratrivals26\source\intermediate\atumlauncher\r_wikigames_eng_win32\registrycontrol.sbr
d:\ratrivals26\source\intermediate\atumlauncher\r_wikigames_eng_win32\md5.sbr
d:\ratrivals26\source\intermediate\atumlauncher\r_wikigames_eng_win32\metafile.sbr
d:\ratrivals26\source\intermediate\atumlauncher\r_wikigames_eng_win32\shieldsecurity.sbr
d:\ratrivals26\source\intermediate\atumlauncher\r_wikigames_eng_win32\shieldsecuritydll.sbr
d:\ratrivals26\source\intermediate\atumlauncher\r_wikigames_eng_win32\utility.sbr
d:\ratrivals26\source\intermediate\atumlauncher\r_wikigames_eng_win32\utility.obj
d:\ratrivals26\source\intermediate\atumlauncher\r_wikigames_eng_win32\shieldsecuritydll.obj
d:\ratrivals26\source\intermediate\atumlauncher\r_wikigames_eng_win32\shieldsecurity.obj
d:\ratrivals26\source\intermediate\atumlauncher\r_wikigames_eng_win32\metafile.obj
d:\ratrivals26\source\intermediate\atumlauncher\r_wikigames_eng_win32\md5.obj
d:\ratrivals26\source\intermediate\atumlauncher\r_wikigames_eng_win32\registrycontrol.obj
d:\ratrivals26\source\intermediate\atumlauncher\r_wikigames_eng_win32\mgamedecryption.obj
d:\ratrivals26\source\intermediate\atumlauncher\r_wikigames_eng_win32\listboxebx.obj
d:\ratrivals26\source\intermediate\atumlauncher\r_wikigames_eng_win32\iexplore.obj
d:\ratrivals26\source\intermediate\atumlauncher\r_wikigames_eng_win32\httpmanager.obj
d:\ratrivals26\source\intermediate\atumlauncher\r_wikigames_eng_win32\historycombobox.obj
d:\ratrivals26\source\intermediate\atumlauncher\r_wikigames_eng_win32\progressctrlx.obj
d:\ratrivals26\source\intermediate\atumlauncher\r_wikigames_eng_win32\kbcbutton.obj
d:\ratrivals26\source\intermediate\atumlauncher\r_wikigames_eng_win32\kbcbmp.obj
d:\ratrivals26\source\intermediate\atumlauncher\r_wikigames_eng_win32\ftpmanager.obj
d:\ratrivals26\source\intermediate\atumlauncher\r_wikigames_eng_win32\commandhistory.obj
d:\ratrivals26\source\intermediate\atumlauncher\r_wikigames_eng_win32\browseforfolder.obj
d:\ratrivals26\source\intermediate\atumlauncher\r_wikigames_eng_win32\atumparamprotocolfunctions.obj
d:\ratrivals26\source\intermediate\atumlauncher\r_wikigames_eng_win32\atumparamprotocol.obj
d:\ratrivals26\source\intermediate\atumlauncher\r_wikigames_eng_win32\atumdatetime.obj
d:\ratrivals26\source\intermediate\atumlauncher\r_wikigames_eng_win32\socketheader.sbr
d:\ratrivals26\source\intermediate\atumlauncher\r_wikigames_eng_win32\systemlogmanager.sbr
d:\ratrivals26\source\intermediate\atumlauncher\r_wikigames_eng_win32\winpacket.sbr
d:\ratrivals26\source\intermediate\atumlauncher\r_wikigames_eng_win32\winsocket.sbr
d:\ratrivals26\source\intermediate\atumlauncher\r_wikigames_eng_win32\xor_lib.sbr
d:\ratrivals26\source\intermediate\atumlauncher\r_wikigames_eng_win32\md5_lib_src.sbr
d:\ratrivals26\source\intermediate\atumlauncher\r_wikigames_eng_win32\atumlauncher.sbr
d:\ratrivals26\source\intermediate\atumlauncher\r_wikigames_eng_win32\atumlauncherdlg.sbr
d:\ratrivals26\source\intermediate\atumlauncher\r_wikigames_eng_win32\dlgguardagreement.sbr
d:\ratrivals26\source\intermediate\atumlauncher\r_wikigames_eng_win32\loginsuccessdlg.sbr
d:\ratrivals26\source\intermediate\atumlauncher\r_wikigames_eng_win32\mycheck.sbr
d:\ratrivals26\source\intermediate\atumlauncher\r_wikigames_eng_win32\mycombobox.sbr
d:\ratrivals26\source\intermediate\atumlauncher\r_wikigames_eng_win32\myedit.sbr
d:\ratrivals26\source\intermediate\atumlauncher\r_wikigames_eng_win32\comboboxebx.sbr
d:\ratrivals26\source\intermediate\atumlauncher\r_wikigames_eng_win32\preserveripdlg.sbr
d:\ratrivals26\source\intermediate\atumlauncher\r_wikigames_eng_win32\vtcguardmanager.sbr
d:\ratrivals26\source\intermediate\atumlauncher\r_wikigames_eng_win32\updatewinsocket.sbr
d:\ratrivals26\source\intermediate\atumlauncher\r_wikigames_eng_win32\updatewinsocket.obj
d:\ratrivals26\source\intermediate\atumlauncher\r_wikigames_eng_win32\vtcguardmanager.obj
d:\ratrivals26\source\intermediate\atumlauncher\r_wikigames_eng_win32\preserveripdlg.obj
d:\ratrivals26\source\intermediate\atumlauncher\r_wikigames_eng_win32\comboboxebx.obj
d:\ratrivals26\source\intermediate\atumlauncher\r_wikigames_eng_win32\myedit.obj
d:\ratrivals26\source\intermediate\atumlauncher\r_wikigames_eng_win32\mycombobox.obj
d:\ratrivals26\source\intermediate\atumlauncher\r_wikigames_eng_win32\mycheck.obj
d:\ratrivals26\source\intermediate\atumlauncher\r_wikigames_eng_win32\loginsuccessdlg.obj
d:\ratrivals26\source\intermediate\atumlauncher\r_wikigames_eng_win32\dlgguardagreement.obj
d:\ratrivals26\source\intermediate\atumlauncher\r_wikigames_eng_win32\atumlauncherdlg.obj
d:\ratrivals26\source\intermediate\atumlauncher\r_wikigames_eng_win32\atumlauncher.obj
d:\ratrivals26\source\intermediate\atumlauncher\r_wikigames_eng_win32\md5_lib_src.obj
d:\ratrivals26\source\intermediate\atumlauncher\r_wikigames_eng_win32\xor_lib.obj
d:\ratrivals26\source\intermediate\atumlauncher\r_wikigames_eng_win32\winsocket.obj
d:\ratrivals26\source\intermediate\atumlauncher\r_wikigames_eng_win32\winpacket.obj
d:\ratrivals26\source\intermediate\atumlauncher\r_wikigames_eng_win32\systemlogmanager.obj
d:\ratrivals26\source\intermediate\atumlauncher\r_wikigames_eng_win32\socketheader.obj
d:\ratrivals26\source\intermediate\atumlauncher\r_wikigames_eng_win32\screenkeyboarddlg.sbr
d:\ratrivals26\source\intermediate\atumlauncher\r_wikigames_eng_win32\screenkeyboarddlg.obj
d:\ratrivals26\source\build\client\updater.atm
d:\ratrivals26\source\build\client\updater.map
d:\ratrivals26\source\build\client\updater.pdb
d:\ratrivals26\source\intermediate\atumlauncher\r_wikigames_eng_win32\atumlauncher.res
d:\ratrivals26\source\intermediate\atumlauncher\r_wikigames_eng_win32\updater.ipdb
d:\ratrivals26\source\intermediate\atumlauncher\r_wikigames_eng_win32\updater.iobj
d:\ratrivals26\source\server\gameserver\..\..\build\client\updater.pdb
d:\ratrivals26\source\server\gameserver\..\..\intermediate\atumlauncher\r_wikigames_eng_win32\atumlauncher.vcxproj.filelistabsolute.txt
d:\ratrivals26\source\intermediate\atumlauncher\r_wikigames_eng_win32\atumlauncher.tlog\bscmake.command.1.tlog
d:\ratrivals26\source\intermediate\atumlauncher\r_wikigames_eng_win32\atumlauncher.tlog\bscmake.read.1.tlog
d:\ratrivals26\source\intermediate\atumlauncher\r_wikigames_eng_win32\atumlauncher.tlog\bscmake.write.1.tlog
d:\ratrivals26\source\intermediate\atumlauncher\r_wikigames_eng_win32\atumlauncher.tlog\cl.command.1.tlog
d:\ratrivals26\source\intermediate\atumlauncher\r_wikigames_eng_win32\atumlauncher.tlog\cl.items.tlog
d:\ratrivals26\source\intermediate\atumlauncher\r_wikigames_eng_win32\atumlauncher.tlog\cl.read.1.tlog
d:\ratrivals26\source\intermediate\atumlauncher\r_wikigames_eng_win32\atumlauncher.tlog\cl.write.1.tlog
d:\ratrivals26\source\intermediate\atumlauncher\r_wikigames_eng_win32\atumlauncher.tlog\link.command.1.tlog
d:\ratrivals26\source\intermediate\atumlauncher\r_wikigames_eng_win32\atumlauncher.tlog\link.read.1.tlog
d:\ratrivals26\source\intermediate\atumlauncher\r_wikigames_eng_win32\atumlauncher.tlog\link.secondary.1.tlog
d:\ratrivals26\source\intermediate\atumlauncher\r_wikigames_eng_win32\atumlauncher.tlog\link.write.1.tlog
d:\ratrivals26\source\intermediate\atumlauncher\r_wikigames_eng_win32\atumlauncher.tlog\metagen.read.1.tlog
d:\ratrivals26\source\intermediate\atumlauncher\r_wikigames_eng_win32\atumlauncher.tlog\metagen.write.1.tlog
d:\ratrivals26\source\intermediate\atumlauncher\r_wikigames_eng_win32\atumlauncher.tlog\rc.command.1.tlog
d:\ratrivals26\source\intermediate\atumlauncher\r_wikigames_eng_win32\atumlauncher.tlog\rc.read.1.tlog
d:\ratrivals26\source\intermediate\atumlauncher\r_wikigames_eng_win32\atumlauncher.tlog\rc.write.1.tlog
d:\ratrivals26\source\intermediate\atumlauncher\r_wikigames_eng_win32\atumlauncher.tlog\clui.dll.bi
