  ArmorCollectManager.cpp
  BoardData.cpp
  CharacterChild.cpp
  CharacterRender.cpp
  ETCRender.cpp
  EnemyData.cpp
  ItemData.cpp
  MeshRender.cpp
  MonRender.cpp
  MonsterData.cpp
  ObjRender.cpp
  ObjectChild.cpp
  PetManager.cpp
  QuestData.cpp
  RainData.cpp
  RainRender.cpp
  ShuttleChild.cpp
  StoreData.cpp
  SunData.cpp
  SunRender.cpp
  UnitData.cpp
  UnitRender.cpp
  WSlowData.cpp
  Weapon.cpp
  WeaponAllAttackData.cpp
  WeaponFastData.cpp
  WeaponFireData.cpp
  WeaponMineData.cpp
  WeaponMissileData.cpp
  WeaponRocketData.cpp
  WeaponShieldData.cpp
  DataRenderLib.vcxproj -> D:\RatRivals26\Source\Build\Lib\DataRenderLib.lib
