d:\ratrivals26\source\intermediate\datarenderlib\r_wikigames_eng_win32\meshrender.obj
d:\ratrivals26\source\intermediate\datarenderlib\r_wikigames_eng_win32\wslowdata.obj
d:\ratrivals26\source\intermediate\datarenderlib\r_wikigames_eng_win32\enemydata.obj
d:\ratrivals26\source\intermediate\datarenderlib\r_wikigames_eng_win32\weaponfastdata.obj
d:\ratrivals26\source\intermediate\datarenderlib\r_wikigames_eng_win32\shuttlechild.obj
d:\ratrivals26\source\intermediate\datarenderlib\r_wikigames_eng_win32\characterchild.obj
d:\ratrivals26\source\intermediate\datarenderlib\r_wikigames_eng_win32\weapon.obj
d:\ratrivals26\source\intermediate\datarenderlib\r_wikigames_eng_win32\etcrender.obj
d:\ratrivals26\source\intermediate\datarenderlib\r_wikigames_eng_win32\weaponrocketdata.obj
d:\ratrivals26\source\intermediate\datarenderlib\r_wikigames_eng_win32\monrender.obj
d:\ratrivals26\source\intermediate\datarenderlib\r_wikigames_eng_win32\weaponminedata.obj
d:\ratrivals26\source\intermediate\datarenderlib\r_wikigames_eng_win32\objectchild.obj
d:\ratrivals26\source\intermediate\datarenderlib\r_wikigames_eng_win32\unitrender.obj
d:\ratrivals26\source\intermediate\datarenderlib\r_wikigames_eng_win32\objrender.obj
d:\ratrivals26\source\intermediate\datarenderlib\r_wikigames_eng_win32\storedata.obj
d:\ratrivals26\source\intermediate\datarenderlib\r_wikigames_eng_win32\characterrender.obj
d:\ratrivals26\source\intermediate\datarenderlib\r_wikigames_eng_win32\unitdata.obj
d:\ratrivals26\source\intermediate\datarenderlib\r_wikigames_eng_win32\itemdata.obj
d:\ratrivals26\source\intermediate\datarenderlib\r_wikigames_eng_win32\weaponmissiledata.obj
d:\ratrivals26\source\intermediate\datarenderlib\r_wikigames_eng_win32\monsterdata.obj
d:\ratrivals26\source\intermediate\datarenderlib\r_wikigames_eng_win32\weaponallattackdata.obj
d:\ratrivals26\source\intermediate\datarenderlib\r_wikigames_eng_win32\questdata.obj
d:\ratrivals26\source\intermediate\datarenderlib\r_wikigames_eng_win32\sundata.obj
d:\ratrivals26\source\intermediate\datarenderlib\r_wikigames_eng_win32\raindata.obj
d:\ratrivals26\source\intermediate\datarenderlib\r_wikigames_eng_win32\boarddata.obj
d:\ratrivals26\source\intermediate\datarenderlib\r_wikigames_eng_win32\armorcollectmanager.obj
d:\ratrivals26\source\intermediate\datarenderlib\r_wikigames_eng_win32\rainrender.obj
d:\ratrivals26\source\intermediate\datarenderlib\r_wikigames_eng_win32\weaponfiredata.obj
d:\ratrivals26\source\intermediate\datarenderlib\r_wikigames_eng_win32\sunrender.obj
d:\ratrivals26\source\intermediate\datarenderlib\r_wikigames_eng_win32\petmanager.obj
d:\ratrivals26\source\intermediate\datarenderlib\r_wikigames_eng_win32\weaponshielddata.obj
d:\ratrivals26\source\intermediate\datarenderlib\r_wikigames_eng_win32\datarenderlib.pdb
d:\ratrivals26\source\build\lib\datarenderlib.lib
d:\ratrivals26\source\client\..\build\lib\datarenderlib.pdb
d:\ratrivals26\source\client\..\intermediate\datarenderlib\r_wikigames_eng_win32\datarenderlib.vcxproj.filelistabsolute.txt
d:\ratrivals26\source\intermediate\datarenderlib\r_wikigames_eng_win32\datarenderlib.tlog\cl.command.1.tlog
d:\ratrivals26\source\intermediate\datarenderlib\r_wikigames_eng_win32\datarenderlib.tlog\cl.items.tlog
d:\ratrivals26\source\intermediate\datarenderlib\r_wikigames_eng_win32\datarenderlib.tlog\cl.read.1.tlog
d:\ratrivals26\source\intermediate\datarenderlib\r_wikigames_eng_win32\datarenderlib.tlog\cl.write.1.tlog
d:\ratrivals26\source\intermediate\datarenderlib\r_wikigames_eng_win32\datarenderlib.tlog\lib-link.write.1.tlog
d:\ratrivals26\source\intermediate\datarenderlib\r_wikigames_eng_win32\datarenderlib.tlog\lib.command.1.tlog
d:\ratrivals26\source\intermediate\datarenderlib\r_wikigames_eng_win32\datarenderlib.tlog\lib.read.1.tlog
d:\ratrivals26\source\intermediate\datarenderlib\r_wikigames_eng_win32\datarenderlib.tlog\metagen.read.1.tlog
d:\ratrivals26\source\intermediate\datarenderlib\r_wikigames_eng_win32\datarenderlib.tlog\metagen.write.1.tlog
d:\ratrivals26\source\intermediate\datarenderlib\r_wikigames_eng_win32\datarenderlib.tlog\clui.dll.bi
d:\ratrivals26\source\intermediate\datarenderlib\r_wikigames_eng_win32\datarenderlib.tlog\mspdbsrv.exe.bi
