d:\ratrivals26\source\intermediate\projectatum\r_wikigames_eng_win32\shieldsecurity.obj
d:\ratrivals26\source\intermediate\projectatum\r_wikigames_eng_win32\arenamanager.obj
d:\ratrivals26\source\intermediate\projectatum\r_wikigames_eng_win32\imsocketmanager.obj
d:\ratrivals26\source\intermediate\projectatum\r_wikigames_eng_win32\quadtree.obj
d:\ratrivals26\source\intermediate\projectatum\r_wikigames_eng_win32\infgamemain.obj
d:\ratrivals26\source\intermediate\projectatum\r_wikigames_eng_win32\globalimage.obj
d:\ratrivals26\source\intermediate\projectatum\r_wikigames_eng_win32\ntminidump.obj
d:\ratrivals26\source\intermediate\projectatum\r_wikigames_eng_win32\infarmorcollectwnd.obj
d:\ratrivals26\source\intermediate\projectatum\r_wikigames_eng_win32\errorcontroller.obj
d:\ratrivals26\source\intermediate\projectatum\r_wikigames_eng_win32\ntexceptioncause.obj
d:\ratrivals26\source\intermediate\projectatum\r_wikigames_eng_win32\ntsysteminfo.obj
d:\ratrivals26\source\intermediate\projectatum\r_wikigames_eng_win32\infinfinity.obj
d:\ratrivals26\source\intermediate\projectatum\r_wikigames_eng_win32\dshowtextures.obj
d:\ratrivals26\source\intermediate\projectatum\r_wikigames_eng_win32\ntftp.obj
d:\ratrivals26\source\intermediate\projectatum\r_wikigames_eng_win32\projectatum.obj
d:\ratrivals26\source\intermediate\projectatum\r_wikigames_eng_win32\md5.obj
d:\ratrivals26\source\intermediate\projectatum\r_wikigames_eng_win32\atumapplication.obj
d:\ratrivals26\source\intermediate\projectatum\r_wikigames_eng_win32\singleplaygame.obj
d:\ratrivals26\source\intermediate\projectatum\r_wikigames_eng_win32\shieldsecuritydll.obj
d:\ratrivals26\source\intermediate\projectatum\r_wikigames_eng_win32\background.obj
d:\ratrivals26\source\intermediate\projectatum\r_wikigames_eng_win32\mapload.obj
d:\ratrivals26\source\intermediate\projectatum\r_wikigames_eng_win32\mempoolclient.obj
d:\ratrivals26\source\intermediate\projectatum\r_wikigames_eng_win32\cinput.obj
d:\ratrivals26\source\intermediate\projectatum\r_wikigames_eng_win32\mapinitthread.obj
d:\ratrivals26\source\intermediate\projectatum\r_wikigames_eng_win32\water.obj
d:\ratrivals26\source\intermediate\projectatum\r_wikigames_eng_win32\metafile.obj
d:\ratrivals26\source\intermediate\projectatum\r_wikigames_eng_win32\cimm.obj
d:\ratrivals26\source\intermediate\projectatum\r_wikigames_eng_win32\infinitymanager.obj
d:\ratrivals26\source\intermediate\projectatum\r_wikigames_eng_win32\vtcthread.obj
d:\ratrivals26\source\intermediate\projectatum\r_wikigames_eng_win32\utility.obj
d:\ratrivals26\source\intermediate\projectatum\r_wikigames_eng_win32\atumdatabase.obj
d:\ratrivals26\source\intermediate\projectatum\r_wikigames_eng_win32\ntdbghelperwindow.obj
d:\ratrivals26\source\intermediate\projectatum\r_wikigames_eng_win32\scenedata.obj
d:\ratrivals26\source\intermediate\projectatum\r_wikigames_eng_win32\atumnode.obj
d:\ratrivals26\source\intermediate\projectatum\r_wikigames_eng_win32\customoptimizer.obj
d:\ratrivals26\source\intermediate\projectatum\r_wikigames_eng_win32\meshinitthread.obj
d:\ratrivals26\source\intermediate\projectatum\r_wikigames_eng_win32\vmemclient.obj
d:\ratrivals26\source\intermediate\projectatum\r_wikigames_eng_win32\darkcrash.obj
d:\ratrivals26\source\intermediate\projectatum\r_wikigames_eng_win32\initthread.obj
d:\ratrivals26\source\intermediate\projectatum\r_wikigames_eng_win32\quadground.obj
d:\ratrivals26\source\intermediate\projectatum\r_wikigames_eng_win32\infcityinfinityfield.obj
d:\ratrivals26\source\intermediate\projectatum\r_wikigames_eng_win32\fieldwinsocketmanager.obj
d:\ratrivals26\source\intermediate\projectatum\r_wikigames_eng_win32\ntgetwinver.obj
d:\ratrivals26\source\intermediate\projectatum\r_wikigames_eng_win32\worldrankmanager.obj
d:\ratrivals26\source\intermediate\projectatum\r_wikigames_eng_win32\vc145.pdb
d:\ratrivals26\source\intermediate\projectatum\r_wikigames_eng_win32\projectatum.res
d:\ratrivals26\source\intermediate\projectatum\r_wikigames_eng_win32\engine.ipdb
d:\ratrivals26\source\intermediate\projectatum\r_wikigames_eng_win32\engine.iobj
d:\ratrivals26\source\client\..\intermediate\projectatum\r_wikigames_eng_win32\projectatum.vcxproj.filelistabsolute.txt
d:\ratrivals26\source\intermediate\projectatum\r_wikigames_eng_win32\projectatum.tlog\cl.command.1.tlog
d:\ratrivals26\source\intermediate\projectatum\r_wikigames_eng_win32\projectatum.tlog\cl.items.tlog
d:\ratrivals26\source\intermediate\projectatum\r_wikigames_eng_win32\projectatum.tlog\cl.read.1.tlog
d:\ratrivals26\source\intermediate\projectatum\r_wikigames_eng_win32\projectatum.tlog\cl.write.1.tlog
d:\ratrivals26\source\intermediate\projectatum\r_wikigames_eng_win32\projectatum.tlog\link.command.1.tlog
d:\ratrivals26\source\intermediate\projectatum\r_wikigames_eng_win32\projectatum.tlog\link.read.1.tlog
d:\ratrivals26\source\intermediate\projectatum\r_wikigames_eng_win32\projectatum.tlog\link.secondary.1.tlog
d:\ratrivals26\source\intermediate\projectatum\r_wikigames_eng_win32\projectatum.tlog\link.write.1.tlog
d:\ratrivals26\source\intermediate\projectatum\r_wikigames_eng_win32\projectatum.tlog\metagen.read.1.tlog
d:\ratrivals26\source\intermediate\projectatum\r_wikigames_eng_win32\projectatum.tlog\metagen.write.1.tlog
d:\ratrivals26\source\intermediate\projectatum\r_wikigames_eng_win32\projectatum.tlog\rc.command.1.tlog
d:\ratrivals26\source\intermediate\projectatum\r_wikigames_eng_win32\projectatum.tlog\rc.read.1.tlog
d:\ratrivals26\source\intermediate\projectatum\r_wikigames_eng_win32\projectatum.tlog\rc.write.1.tlog
d:\ratrivals26\source\intermediate\projectatum\r_wikigames_eng_win32\projectatum.tlog\clui.dll.bi
