  StdAfx.cpp
  SystemLogManager.cpp
  ThreadCheck.cpp
  VMem.cpp
  sha256.cpp
  AllGuildItemManager.cpp
  ArenaDeathMatchRoom.cpp
  ArenaFieldWinSocket.cpp
  ArenaManager.cpp
  ArenaTeam.cpp
  ArenaTickManager.cpp
  BillCrux_BillingLib.cpp
  Cinema.cpp
  CityLeader.cpp
  DissolutionItemmanager.cpp
  FieldDebuff.cpp
  FieldDot.cpp
  FieldServer.cpp
  GiveItemManager.cpp
  GuildDamageManager.cpp
  GuildItemManager.cpp
  InfinityBase.cpp
  InfinityBossrush.cpp
  InfinityDefence.cpp
  InfinityMShipBattle.cpp
  InfinityManager.cpp
  InfinityMapManager.cpp
  InfinityTickManager.cpp
  InvokingItemInfo.cpp
  InvokingItemManager.cpp
  LetterManager.cpp
  ArmorCollection.cpp
  BazaarManager.cpp
  BunchCountableItemCount.cpp
  CallWarpEventManager.cpp
  CityWar.cpp
  CityWarManager.cpp
  CollectionManager.cpp
  CouponManager.cpp
  DestroyAuctionManager.cpp
  DropItemManager.cpp
  EXPDivisionManager.cpp
  FieldCharacterQuest.cpp
  FieldDataManager.cpp
  FieldGlobal.cpp
  FieldIOCPSocket2.cpp
  FieldItemManager.cpp
  FieldMapChannel.cpp
  FieldMonster.cpp
  FieldODBC.cpp
  FieldParty.cpp
  FieldSkillManager.cpp
  FieldTickManager.cpp
  FieldTimerManager.cpp
  FieldWebIOCP.cpp
  FieldWebIOCPSocket.cpp
  FieldWebTickManager.cpp
  GameEventManager.cpp
  GeneralRequestHandler.cpp
  GuildWar.cpp
  HappyHourEventManager.cpp
  InflRateManager.cpp
  InflWarManager.cpp
  LogWinSocket.cpp
  MapOwnership.cpp
  MarketDataManager.cpp
  QuestMatching.cpp
  Racing.cpp
  RacingDemon.cpp
  ServicePauseManager.cpp
  WRankingFame.cpp
  WRankingFameManager.cpp
  WRankingLevel.cpp
  WRankingLevelManager.cpp
  WRankingManager.cpp
  WRankingPVP.cpp
  WRankingPVPManager.cpp
  WRankingServiceManager.cpp
  MapTriggerManager.cpp
  MemoryHackHistory.cpp
  MonthlyArmorManager.cpp
  OutPost.cpp
  OutPostManager.cpp
  PCBangIPManager.cpp
  PetDataManager.cpp
  Revision.cpp
  SpeedHackHistory.cpp
  StatisticsManager.cpp
  TriggerCrystalDestroyGroup.cpp
  TriggerCrystalGroup.cpp
  TriggerFunction.cpp
  TriggerFunctionCrystal.cpp
  TriggerFunctionNGCInflWar.cpp
  TriggerFunctionNGOutPost.cpp
  TriggerMapBuffManager.cpp
  TriggerNGCInflWarMonsterGroup.cpp
  WarContributionCalculation.cpp
  AtumFieldDBManager.cpp
  FieldIOCP.cpp
  FieldIOCPSocket.cpp
  FieldMapProject.cpp
  FieldMapWorkspace.cpp
  IMWinSocket.cpp
  PreWinSocket.cpp
  Generating code
  10 of 24636 functions (<0.1%) were compiled, the rest were copied from previous compilation.
    0 functions were new in current compilation
    232 functions had inline decision re-evaluated but remain unchanged
  Finished generating code
  FieldServer.vcxproj -> D:\RatRivals26\Source\Build\Bins\FieldServer.exe
