d:\ratrivals26\source\intermediate\fieldserver\r_wikigames_eng_win32\threadcheck.obj
d:\ratrivals26\source\intermediate\fieldserver\r_wikigames_eng_win32\winsocket.obj
d:\ratrivals26\source\intermediate\fieldserver\r_wikigames_eng_win32\chatblockmanager.obj
d:\ratrivals26\source\intermediate\fieldserver\r_wikigames_eng_win32\mapworkspace.obj
d:\ratrivals26\source\intermediate\fieldserver\r_wikigames_eng_win32\allguilditemmanager.obj
d:\ratrivals26\source\intermediate\fieldserver\r_wikigames_eng_win32\guilditemmanager.obj
d:\ratrivals26\source\intermediate\fieldserver\r_wikigames_eng_win32\atumfielddbmanager.obj
d:\ratrivals26\source\intermediate\fieldserver\r_wikigames_eng_win32\fieldmapproject.obj
d:\ratrivals26\source\intermediate\fieldserver\r_wikigames_eng_win32\fieldwebtickmanager.obj
d:\ratrivals26\source\intermediate\fieldserver\r_wikigames_eng_win32\marketdatamanager.obj
d:\ratrivals26\source\intermediate\fieldserver\r_wikigames_eng_win32\wrankingpvp.obj
d:\ratrivals26\source\intermediate\fieldserver\r_wikigames_eng_win32\triggercrystalgroup.obj
d:\ratrivals26\source\intermediate\fieldserver\r_wikigames_eng_win32\iocpsocket.obj
d:\ratrivals26\source\intermediate\fieldserver\r_wikigames_eng_win32\vmem.obj
d:\ratrivals26\source\intermediate\fieldserver\r_wikigames_eng_win32\countdownchecker.obj
d:\ratrivals26\source\intermediate\fieldserver\r_wikigames_eng_win32\monsterdbaccess.obj
d:\ratrivals26\source\intermediate\fieldserver\r_wikigames_eng_win32\arenamanager.obj
d:\ratrivals26\source\intermediate\fieldserver\r_wikigames_eng_win32\infinitymanager.obj
d:\ratrivals26\source\intermediate\fieldserver\r_wikigames_eng_win32\citywar.obj
d:\ratrivals26\source\intermediate\fieldserver\r_wikigames_eng_win32\fieldiocp.obj
d:\ratrivals26\source\intermediate\fieldserver\r_wikigames_eng_win32\fieldwebiocp.obj
d:\ratrivals26\source\intermediate\fieldserver\r_wikigames_eng_win32\logwinsocket.obj
d:\ratrivals26\source\intermediate\fieldserver\r_wikigames_eng_win32\wrankinglevel.obj
d:\ratrivals26\source\intermediate\fieldserver\r_wikigames_eng_win32\speedhackhistory.obj
d:\ratrivals26\source\intermediate\fieldserver\r_wikigames_eng_win32\triggerngcinflwarmonstergroup.obj
d:\ratrivals26\source\intermediate\fieldserver\r_wikigames_eng_win32\global.obj
d:\ratrivals26\source\intermediate\fieldserver\r_wikigames_eng_win32\atumlogsender.obj
d:\ratrivals26\source\intermediate\fieldserver\r_wikigames_eng_win32\loadlibrary.obj
d:\ratrivals26\source\intermediate\fieldserver\r_wikigames_eng_win32\apexproxy.obj
d:\ratrivals26\source\intermediate\fieldserver\r_wikigames_eng_win32\arenadeathmatchroom.obj
d:\ratrivals26\source\intermediate\fieldserver\r_wikigames_eng_win32\infinitydefence.obj
d:\ratrivals26\source\intermediate\fieldserver\r_wikigames_eng_win32\callwarpeventmanager.obj
d:\ratrivals26\source\intermediate\fieldserver\r_wikigames_eng_win32\fielddatamanager.obj
d:\ratrivals26\source\intermediate\fieldserver\r_wikigames_eng_win32\fieldtickmanager.obj
d:\ratrivals26\source\intermediate\fieldserver\r_wikigames_eng_win32\inflratemanager.obj
d:\ratrivals26\source\intermediate\fieldserver\r_wikigames_eng_win32\wrankingfamemanager.obj
d:\ratrivals26\source\intermediate\fieldserver\r_wikigames_eng_win32\memoryhackhistory.obj
d:\ratrivals26\source\intermediate\fieldserver\r_wikigames_eng_win32\triggercrystaldestroygroup.obj
d:\ratrivals26\source\intermediate\fieldserver\r_wikigames_eng_win32\md5_lib_src.obj
d:\ratrivals26\source\intermediate\fieldserver\r_wikigames_eng_win32\xor_lib.obj
d:\ratrivals26\source\intermediate\fieldserver\r_wikigames_eng_win32\atumthread.obj
d:\ratrivals26\source\intermediate\fieldserver\r_wikigames_eng_win32\localization.obj
d:\ratrivals26\source\intermediate\fieldserver\r_wikigames_eng_win32\zwave_sdk_linker.obj
d:\ratrivals26\source\intermediate\fieldserver\r_wikigames_eng_win32\uservariable.obj
d:\ratrivals26\source\intermediate\fieldserver\r_wikigames_eng_win32\fieldserver.obj
d:\ratrivals26\source\intermediate\fieldserver\r_wikigames_eng_win32\lettermanager.obj
d:\ratrivals26\source\intermediate\fieldserver\r_wikigames_eng_win32\fieldcharacterquest.obj
d:\ratrivals26\source\intermediate\fieldserver\r_wikigames_eng_win32\fieldmapworkspace.obj
d:\ratrivals26\source\intermediate\fieldserver\r_wikigames_eng_win32\happyhoureventmanager.obj
d:\ratrivals26\source\intermediate\fieldserver\r_wikigames_eng_win32\servicepausemanager.obj
d:\ratrivals26\source\intermediate\fieldserver\r_wikigames_eng_win32\wrankingpvpmanager.obj
d:\ratrivals26\source\intermediate\fieldserver\r_wikigames_eng_win32\statisticsmanager.obj
d:\ratrivals26\source\intermediate\fieldserver\r_wikigames_eng_win32\iocp.obj
d:\ratrivals26\source\intermediate\fieldserver\r_wikigames_eng_win32\atumsj.obj
d:\ratrivals26\source\intermediate\fieldserver\r_wikigames_eng_win32\innovalibrary.obj
d:\ratrivals26\source\intermediate\fieldserver\r_wikigames_eng_win32\quest.obj
d:\ratrivals26\source\intermediate\fieldserver\r_wikigames_eng_win32\cinema.obj
d:\ratrivals26\source\intermediate\fieldserver\r_wikigames_eng_win32\infinitybase.obj
d:\ratrivals26\source\intermediate\fieldserver\r_wikigames_eng_win32\bunchcountableitemcount.obj
d:\ratrivals26\source\intermediate\fieldserver\r_wikigames_eng_win32\expdivisionmanager.obj
d:\ratrivals26\source\intermediate\fieldserver\r_wikigames_eng_win32\fieldparty.obj
d:\ratrivals26\source\intermediate\fieldserver\r_wikigames_eng_win32\inflwarmanager.obj
d:\ratrivals26\source\intermediate\fieldserver\r_wikigames_eng_win32\wrankingservicemanager.obj
d:\ratrivals26\source\intermediate\fieldserver\r_wikigames_eng_win32\triggerfunction.obj
d:\ratrivals26\source\intermediate\fieldserver\r_wikigames_eng_win32\queueint.obj
d:\ratrivals26\source\intermediate\fieldserver\r_wikigames_eng_win32\vmempool.obj
d:\ratrivals26\source\intermediate\fieldserver\r_wikigames_eng_win32\config.obj
d:\ratrivals26\source\intermediate\fieldserver\r_wikigames_eng_win32\mapchannel.obj
d:\ratrivals26\source\intermediate\fieldserver\r_wikigames_eng_win32\xmlrpc.obj
d:\ratrivals26\source\intermediate\fieldserver\r_wikigames_eng_win32\dissolutionitemmanager.obj
d:\ratrivals26\source\intermediate\fieldserver\r_wikigames_eng_win32\infinitytickmanager.obj
d:\ratrivals26\source\intermediate\fieldserver\r_wikigames_eng_win32\collectionmanager.obj
d:\ratrivals26\source\intermediate\fieldserver\r_wikigames_eng_win32\fieldiocpsocket.obj
d:\ratrivals26\source\intermediate\fieldserver\r_wikigames_eng_win32\generalrequesthandler.obj
d:\ratrivals26\source\intermediate\fieldserver\r_wikigames_eng_win32\racingdemon.obj
d:\ratrivals26\source\intermediate\fieldserver\r_wikigames_eng_win32\petdatamanager.obj
d:\ratrivals26\source\intermediate\fieldserver\r_wikigames_eng_win32\triggerfunctionngcinflwar.obj
d:\ratrivals26\source\intermediate\fieldserver\r_wikigames_eng_win32\overlapped.obj
d:\ratrivals26\source\intermediate\fieldserver\r_wikigames_eng_win32\atumparamprotocol.obj
d:\ratrivals26\source\intermediate\fieldserver\r_wikigames_eng_win32\gamedatalast.obj
d:\ratrivals26\source\intermediate\fieldserver\r_wikigames_eng_win32\mapproject.obj
d:\ratrivals26\source\intermediate\fieldserver\r_wikigames_eng_win32\arenateam.obj
d:\ratrivals26\source\intermediate\fieldserver\r_wikigames_eng_win32\fielddebuff.obj
d:\ratrivals26\source\intermediate\fieldserver\r_wikigames_eng_win32\infinitymshipbattle.obj
d:\ratrivals26\source\intermediate\fieldserver\r_wikigames_eng_win32\destroyauctionmanager.obj
d:\ratrivals26\source\intermediate\fieldserver\r_wikigames_eng_win32\fieldmonster.obj
d:\ratrivals26\source\intermediate\fieldserver\r_wikigames_eng_win32\imwinsocket.obj
d:\ratrivals26\source\intermediate\fieldserver\r_wikigames_eng_win32\wrankinglevelmanager.obj
d:\ratrivals26\source\intermediate\fieldserver\r_wikigames_eng_win32\outpostmanager.obj
d:\ratrivals26\source\intermediate\fieldserver\r_wikigames_eng_win32\socketheader.obj
d:\ratrivals26\source\intermediate\fieldserver\r_wikigames_eng_win32\winpacket.obj
d:\ratrivals26\source\intermediate\fieldserver\r_wikigames_eng_win32\debuff.obj
d:\ratrivals26\source\intermediate\fieldserver\r_wikigames_eng_win32\monster.obj
d:\ratrivals26\source\intermediate\fieldserver\r_wikigames_eng_win32\billcrux_billinglib.obj
d:\ratrivals26\source\intermediate\fieldserver\r_wikigames_eng_win32\guilddamagemanager.obj
d:\ratrivals26\source\intermediate\fieldserver\r_wikigames_eng_win32\invokingiteminfo.obj
d:\ratrivals26\source\intermediate\fieldserver\r_wikigames_eng_win32\citywarmanager.obj
d:\ratrivals26\source\intermediate\fieldserver\r_wikigames_eng_win32\fieldmapchannel.obj
d:\ratrivals26\source\intermediate\fieldserver\r_wikigames_eng_win32\fieldwebiocpsocket.obj
d:\ratrivals26\source\intermediate\fieldserver\r_wikigames_eng_win32\questmatching.obj
d:\ratrivals26\source\intermediate\fieldserver\r_wikigames_eng_win32\monthlyarmormanager.obj
d:\ratrivals26\source\intermediate\fieldserver\r_wikigames_eng_win32\warcontributioncalculation.obj
d:\ratrivals26\source\intermediate\fieldserver\r_wikigames_eng_win32\sha256.obj
d:\ratrivals26\source\intermediate\fieldserver\r_wikigames_eng_win32\atumdatetime.obj
d:\ratrivals26\source\intermediate\fieldserver\r_wikigames_eng_win32\billing_yetime_chn.obj
d:\ratrivals26\source\intermediate\fieldserver\r_wikigames_eng_win32\generichttpclient.obj
d:\ratrivals26\source\intermediate\fieldserver\r_wikigames_eng_win32\odbcstatement.obj
d:\ratrivals26\source\intermediate\fieldserver\r_wikigames_eng_win32\arenafieldwinsocket.obj
d:\ratrivals26\source\intermediate\fieldserver\r_wikigames_eng_win32\infinitybossrush.obj
d:\ratrivals26\source\intermediate\fieldserver\r_wikigames_eng_win32\bazaarmanager.obj
d:\ratrivals26\source\intermediate\fieldserver\r_wikigames_eng_win32\fieldiocpsocket2.obj
d:\ratrivals26\source\intermediate\fieldserver\r_wikigames_eng_win32\gameeventmanager.obj
d:\ratrivals26\source\intermediate\fieldserver\r_wikigames_eng_win32\racing.obj
d:\ratrivals26\source\intermediate\fieldserver\r_wikigames_eng_win32\outpost.obj
d:\ratrivals26\source\intermediate\fieldserver\r_wikigames_eng_win32\globalfunc.obj
d:\ratrivals26\source\intermediate\fieldserver\r_wikigames_eng_win32\systemlogmanager.obj
d:\ratrivals26\source\intermediate\fieldserver\r_wikigames_eng_win32\atumparamprotocolfunctions.obj
d:\ratrivals26\source\intermediate\fieldserver\r_wikigames_eng_win32\mapblock.obj
d:\ratrivals26\source\intermediate\fieldserver\r_wikigames_eng_win32\xtrap4server.obj
d:\ratrivals26\source\intermediate\fieldserver\r_wikigames_eng_win32\tickmanager.obj
d:\ratrivals26\source\intermediate\fieldserver\r_wikigames_eng_win32\cityleader.obj
d:\ratrivals26\source\intermediate\fieldserver\r_wikigames_eng_win32\invokingitemmanager.obj
d:\ratrivals26\source\intermediate\fieldserver\r_wikigames_eng_win32\dropitemmanager.obj
d:\ratrivals26\source\intermediate\fieldserver\r_wikigames_eng_win32\fieldodbc.obj
d:\ratrivals26\source\intermediate\fieldserver\r_wikigames_eng_win32\guildwar.obj
d:\ratrivals26\source\intermediate\fieldserver\r_wikigames_eng_win32\wrankingfame.obj
d:\ratrivals26\source\intermediate\fieldserver\r_wikigames_eng_win32\pcbangipmanager.obj
d:\ratrivals26\source\intermediate\fieldserver\r_wikigames_eng_win32\triggerfunctioncrystal.obj
d:\ratrivals26\source\intermediate\fieldserver\r_wikigames_eng_win32\mtcriticalsection.obj
d:\ratrivals26\source\intermediate\fieldserver\r_wikigames_eng_win32\atumdbhelper.obj
d:\ratrivals26\source\intermediate\fieldserver\r_wikigames_eng_win32\dot.obj
d:\ratrivals26\source\intermediate\fieldserver\r_wikigames_eng_win32\npcscripts.obj
d:\ratrivals26\source\intermediate\fieldserver\r_wikigames_eng_win32\waypointmanager.obj
d:\ratrivals26\source\intermediate\fieldserver\r_wikigames_eng_win32\fielddot.obj
d:\ratrivals26\source\intermediate\fieldserver\r_wikigames_eng_win32\infinitymapmanager.obj
d:\ratrivals26\source\intermediate\fieldserver\r_wikigames_eng_win32\couponmanager.obj
d:\ratrivals26\source\intermediate\fieldserver\r_wikigames_eng_win32\fielditemmanager.obj
d:\ratrivals26\source\intermediate\fieldserver\r_wikigames_eng_win32\fieldtimermanager.obj
d:\ratrivals26\source\intermediate\fieldserver\r_wikigames_eng_win32\prewinsocket.obj
d:\ratrivals26\source\intermediate\fieldserver\r_wikigames_eng_win32\maptriggermanager.obj
d:\ratrivals26\source\intermediate\fieldserver\r_wikigames_eng_win32\triggermapbuffmanager.obj
d:\ratrivals26\source\intermediate\fieldserver\r_wikigames_eng_win32\mtautocriticalsection.obj
d:\ratrivals26\source\intermediate\fieldserver\r_wikigames_eng_win32\atumdbmanager.obj
d:\ratrivals26\source\intermediate\fieldserver\r_wikigames_eng_win32\globalgameserver.obj
d:\ratrivals26\source\intermediate\fieldserver\r_wikigames_eng_win32\securitymanager.obj
d:\ratrivals26\source\intermediate\fieldserver\r_wikigames_eng_win32\arenatickmanager.obj
d:\ratrivals26\source\intermediate\fieldserver\r_wikigames_eng_win32\giveitemmanager.obj
d:\ratrivals26\source\intermediate\fieldserver\r_wikigames_eng_win32\armorcollection.obj
d:\ratrivals26\source\intermediate\fieldserver\r_wikigames_eng_win32\fieldglobal.obj
d:\ratrivals26\source\intermediate\fieldserver\r_wikigames_eng_win32\fieldskillmanager.obj
d:\ratrivals26\source\intermediate\fieldserver\r_wikigames_eng_win32\mapownership.obj
d:\ratrivals26\source\intermediate\fieldserver\r_wikigames_eng_win32\wrankingmanager.obj
d:\ratrivals26\source\intermediate\fieldserver\r_wikigames_eng_win32\revision.obj
d:\ratrivals26\source\intermediate\fieldserver\r_wikigames_eng_win32\triggerfunctionngoutpost.obj
d:\ratrivals26\source\intermediate\fieldserver\r_wikigames_eng_win32\vc145.pdb
d:\ratrivals26\source\intermediate\fieldserver\r_wikigames_eng_win32\vc140.pch
d:\ratrivals26\source\intermediate\fieldserver\r_wikigames_eng_win32\stdafx.obj
d:\ratrivals26\source\build\bins\fieldserver.exe
d:\ratrivals26\source\build\bins\fieldserver.map
d:\ratrivals26\source\build\bins\fieldserver.pdb
d:\ratrivals26\source\intermediate\fieldserver\r_wikigames_eng_win32\fieldserver.res
d:\ratrivals26\source\intermediate\fieldserver\r_wikigames_eng_win32\fieldserver.ipdb
d:\ratrivals26\source\intermediate\fieldserver\r_wikigames_eng_win32\fieldserver.iobj
d:\ratrivals26\source\server\gameserver\..\..\build\bins\fieldserver.pdb
d:\ratrivals26\source\server\gameserver\..\..\intermediate\fieldserver\r_wikigames_eng_win32\fieldserver.vcxproj.filelistabsolute.txt
d:\ratrivals26\source\intermediate\fieldserver\r_wikigames_eng_win32\fieldserver.tlog\cl.command.1.tlog
d:\ratrivals26\source\intermediate\fieldserver\r_wikigames_eng_win32\fieldserver.tlog\cl.items.tlog
d:\ratrivals26\source\intermediate\fieldserver\r_wikigames_eng_win32\fieldserver.tlog\cl.read.1.tlog
d:\ratrivals26\source\intermediate\fieldserver\r_wikigames_eng_win32\fieldserver.tlog\cl.write.1.tlog
d:\ratrivals26\source\intermediate\fieldserver\r_wikigames_eng_win32\fieldserver.tlog\link.command.1.tlog
d:\ratrivals26\source\intermediate\fieldserver\r_wikigames_eng_win32\fieldserver.tlog\link.read.1.tlog
d:\ratrivals26\source\intermediate\fieldserver\r_wikigames_eng_win32\fieldserver.tlog\link.secondary.1.tlog
d:\ratrivals26\source\intermediate\fieldserver\r_wikigames_eng_win32\fieldserver.tlog\link.write.1.tlog
d:\ratrivals26\source\intermediate\fieldserver\r_wikigames_eng_win32\fieldserver.tlog\metagen.read.1.tlog
d:\ratrivals26\source\intermediate\fieldserver\r_wikigames_eng_win32\fieldserver.tlog\metagen.write.1.tlog
d:\ratrivals26\source\intermediate\fieldserver\r_wikigames_eng_win32\fieldserver.tlog\rc.command.1.tlog
d:\ratrivals26\source\intermediate\fieldserver\r_wikigames_eng_win32\fieldserver.tlog\rc.read.1.tlog
d:\ratrivals26\source\intermediate\fieldserver\r_wikigames_eng_win32\fieldserver.tlog\rc.write.1.tlog
d:\ratrivals26\source\intermediate\fieldserver\r_wikigames_eng_win32\fieldserver.tlog\clui.dll.bi
