  StdAfx.cpp
  AtumDBHelper.cpp
  AtumDBManager.cpp
  AtumDateTime.cpp
  AtumParamProtocol.cpp
  AtumParamProtocolFunctions.cpp
  AtumSJ.cpp
  AtumThread.cpp
  Config.cpp
  GameDataLast.cpp
  Global.cpp
  GlobalGameServer.cpp
  HPAction.cpp
  IOCP.cpp
  IOCPSocket.cpp
  Localization.cpp
  MTAutoCriticalSection.cpp
  MTCriticalSection.cpp
  MapBlock.cpp
  MapChannel.cpp
  MapProject.cpp
  MapWorkspace.cpp
  Monster.cpp
  MonsterDBAccess.cpp
  ODBCStatement.cpp
  Overlapped.cpp
  QueueINT.cpp
  SocketHeader.cpp
  SystemLogManager.cpp
  ThreadCheck.cpp
  TickManager.cpp
  VMem.cpp
  VMemPool.cpp
  WayPointManager.cpp
  WinPacket.cpp
  WinSocket.cpp
  XOR_Lib.cpp
  md5_lib_src.cpp
  sha256.cpp
  d3dapp.cpp
  dxutil.cpp
  AtumNode.cpp
  NPCGlobal.cpp
  NPCMapChannel.cpp
  NPCMonster.cpp
  NPCTickManager.cpp
  SkinnedMesh.cpp
  NPCServer.cpp
  NPCSkillManager.cpp
  N2FSocket.cpp
  NPCIOCP.cpp
  NPCIOCPSocket.cpp
  NPCMapProject.cpp
  NPCMapWorkspace.cpp
  Generating code
  Finished generating code
  NPCServer.vcxproj -> D:\RatRivals26\Source\Build\Bins\NPCServer.exe
