d:\ratrivals26\source\intermediate\npcserver\r_wikigames_eng_win32\iocp.obj
d:\ratrivals26\source\intermediate\npcserver\r_wikigames_eng_win32\atumparamprotocol.obj
d:\ratrivals26\source\intermediate\npcserver\r_wikigames_eng_win32\mapproject.obj
d:\ratrivals26\source\intermediate\npcserver\r_wikigames_eng_win32\npcmapchannel.obj
d:\ratrivals26\source\intermediate\npcserver\r_wikigames_eng_win32\mtautocriticalsection.obj
d:\ratrivals26\source\intermediate\npcserver\r_wikigames_eng_win32\atumparamprotocolfunctions.obj
d:\ratrivals26\source\intermediate\npcserver\r_wikigames_eng_win32\localization.obj
d:\ratrivals26\source\intermediate\npcserver\r_wikigames_eng_win32\atumnode.obj
d:\ratrivals26\source\intermediate\npcserver\r_wikigames_eng_win32\skinnedmesh.obj
d:\ratrivals26\source\intermediate\npcserver\r_wikigames_eng_win32\mtcriticalsection.obj
d:\ratrivals26\source\intermediate\npcserver\r_wikigames_eng_win32\atumsj.obj
d:\ratrivals26\source\intermediate\npcserver\r_wikigames_eng_win32\odbcstatement.obj
d:\ratrivals26\source\intermediate\npcserver\r_wikigames_eng_win32\npcmapworkspace.obj
d:\ratrivals26\source\intermediate\npcserver\r_wikigames_eng_win32\iocpsocket.obj
d:\ratrivals26\source\intermediate\npcserver\r_wikigames_eng_win32\vmempool.obj
d:\ratrivals26\source\intermediate\npcserver\r_wikigames_eng_win32\globalgameserver.obj
d:\ratrivals26\source\intermediate\npcserver\r_wikigames_eng_win32\waypointmanager.obj
d:\ratrivals26\source\intermediate\npcserver\r_wikigames_eng_win32\npcskillmanager.obj
d:\ratrivals26\source\intermediate\npcserver\r_wikigames_eng_win32\queueint.obj
d:\ratrivals26\source\intermediate\npcserver\r_wikigames_eng_win32\atumdbmanager.obj
d:\ratrivals26\source\intermediate\npcserver\r_wikigames_eng_win32\mapworkspace.obj
d:\ratrivals26\source\intermediate\npcserver\r_wikigames_eng_win32\npcmonster.obj
d:\ratrivals26\source\intermediate\npcserver\r_wikigames_eng_win32\md5_lib_src.obj
d:\ratrivals26\source\intermediate\npcserver\r_wikigames_eng_win32\atumthread.obj
d:\ratrivals26\source\intermediate\npcserver\r_wikigames_eng_win32\monsterdbaccess.obj
d:\ratrivals26\source\intermediate\npcserver\r_wikigames_eng_win32\npciocpsocket.obj
d:\ratrivals26\source\intermediate\npcserver\r_wikigames_eng_win32\threadcheck.obj
d:\ratrivals26\source\intermediate\npcserver\r_wikigames_eng_win32\vmem.obj
d:\ratrivals26\source\intermediate\npcserver\r_wikigames_eng_win32\config.obj
d:\ratrivals26\source\intermediate\npcserver\r_wikigames_eng_win32\tickmanager.obj
d:\ratrivals26\source\intermediate\npcserver\r_wikigames_eng_win32\npcserver.obj
d:\ratrivals26\source\intermediate\npcserver\r_wikigames_eng_win32\systemlogmanager.obj
d:\ratrivals26\source\intermediate\npcserver\r_wikigames_eng_win32\atumdbhelper.obj
d:\ratrivals26\source\intermediate\npcserver\r_wikigames_eng_win32\monster.obj
d:\ratrivals26\source\intermediate\npcserver\r_wikigames_eng_win32\n2fsocket.obj
d:\ratrivals26\source\intermediate\npcserver\r_wikigames_eng_win32\overlapped.obj
d:\ratrivals26\source\intermediate\npcserver\r_wikigames_eng_win32\atumdatetime.obj
d:\ratrivals26\source\intermediate\npcserver\r_wikigames_eng_win32\mapblock.obj
d:\ratrivals26\source\intermediate\npcserver\r_wikigames_eng_win32\dxutil.obj
d:\ratrivals26\source\intermediate\npcserver\r_wikigames_eng_win32\npcglobal.obj
d:\ratrivals26\source\intermediate\npcserver\r_wikigames_eng_win32\sha256.obj
d:\ratrivals26\source\intermediate\npcserver\r_wikigames_eng_win32\xor_lib.obj
d:\ratrivals26\source\intermediate\npcserver\r_wikigames_eng_win32\hpaction.obj
d:\ratrivals26\source\intermediate\npcserver\r_wikigames_eng_win32\d3dutil.obj
d:\ratrivals26\source\intermediate\npcserver\r_wikigames_eng_win32\npcmapproject.obj
d:\ratrivals26\source\intermediate\npcserver\r_wikigames_eng_win32\global.obj
d:\ratrivals26\source\intermediate\npcserver\r_wikigames_eng_win32\winpacket.obj
d:\ratrivals26\source\intermediate\npcserver\r_wikigames_eng_win32\gamedatalast.obj
d:\ratrivals26\source\intermediate\npcserver\r_wikigames_eng_win32\d3dapp.obj
d:\ratrivals26\source\intermediate\npcserver\r_wikigames_eng_win32\npctickmanager.obj
d:\ratrivals26\source\intermediate\npcserver\r_wikigames_eng_win32\socketheader.obj
d:\ratrivals26\source\intermediate\npcserver\r_wikigames_eng_win32\winsocket.obj
d:\ratrivals26\source\intermediate\npcserver\r_wikigames_eng_win32\mapchannel.obj
d:\ratrivals26\source\intermediate\npcserver\r_wikigames_eng_win32\npciocp.obj
d:\ratrivals26\source\build\bins\npcserver.pdb
d:\ratrivals26\source\intermediate\npcserver\r_wikigames_eng_win32\vc140.pch
d:\ratrivals26\source\intermediate\npcserver\r_wikigames_eng_win32\stdafx.obj
d:\ratrivals26\source\build\bins\npcserver.exe
d:\ratrivals26\source\build\bins\npcserver.map
d:\ratrivals26\source\intermediate\npcserver\r_wikigames_eng_win32\npcserver.res
d:\ratrivals26\source\intermediate\npcserver\r_wikigames_eng_win32\npcserver.iobj
d:\ratrivals26\source\server\gameserver\..\..\build\bins\npcserver.pdb
d:\ratrivals26\source\server\gameserver\..\..\intermediate\npcserver\r_wikigames_eng_win32\npcserver.vcxproj.filelistabsolute.txt
d:\ratrivals26\source\intermediate\npcserver\r_wikigames_eng_win32\npcserver.tlog\cl.command.1.tlog
d:\ratrivals26\source\intermediate\npcserver\r_wikigames_eng_win32\npcserver.tlog\cl.items.tlog
d:\ratrivals26\source\intermediate\npcserver\r_wikigames_eng_win32\npcserver.tlog\cl.read.1.tlog
d:\ratrivals26\source\intermediate\npcserver\r_wikigames_eng_win32\npcserver.tlog\cl.write.1.tlog
d:\ratrivals26\source\intermediate\npcserver\r_wikigames_eng_win32\npcserver.tlog\link.command.1.tlog
d:\ratrivals26\source\intermediate\npcserver\r_wikigames_eng_win32\npcserver.tlog\link.read.1.tlog
d:\ratrivals26\source\intermediate\npcserver\r_wikigames_eng_win32\npcserver.tlog\link.secondary.1.tlog
d:\ratrivals26\source\intermediate\npcserver\r_wikigames_eng_win32\npcserver.tlog\link.write.1.tlog
d:\ratrivals26\source\intermediate\npcserver\r_wikigames_eng_win32\npcserver.tlog\rc.command.1.tlog
d:\ratrivals26\source\intermediate\npcserver\r_wikigames_eng_win32\npcserver.tlog\rc.read.1.tlog
d:\ratrivals26\source\intermediate\npcserver\r_wikigames_eng_win32\npcserver.tlog\rc.write.1.tlog
