d:\ratrivals26\source\intermediate\etclib\r_wikigames_eng_win32\atumparamprotocol.obj
d:\ratrivals26\source\intermediate\etclib\r_wikigames_eng_win32\clientparty.obj
d:\ratrivals26\source\intermediate\etclib\r_wikigames_eng_win32\atumdatetime.obj
d:\ratrivals26\source\intermediate\etclib\r_wikigames_eng_win32\atumthread.obj
d:\ratrivals26\source\intermediate\etclib\r_wikigames_eng_win32\iteminfo.obj
d:\ratrivals26\source\intermediate\etclib\r_wikigames_eng_win32\atumdata.obj
d:\ratrivals26\source\intermediate\etclib\r_wikigames_eng_win32\cinema.obj
d:\ratrivals26\source\intermediate\etclib\r_wikigames_eng_win32\skill.obj
d:\ratrivals26\source\intermediate\etclib\r_wikigames_eng_win32\quest.obj
d:\ratrivals26\source\intermediate\etclib\r_wikigames_eng_win32\frustum.obj
d:\ratrivals26\source\intermediate\etclib\r_wikigames_eng_win32\atumparamprotocolfunctions.obj
d:\ratrivals26\source\intermediate\etclib\r_wikigames_eng_win32\explorehost.obj
d:\ratrivals26\source\intermediate\etclib\r_wikigames_eng_win32\gamedatalast.obj
d:\ratrivals26\source\intermediate\etclib\r_wikigames_eng_win32\weaponiteminfo.obj
d:\ratrivals26\source\intermediate\etclib\r_wikigames_eng_win32\mgamedecryption.obj
d:\ratrivals26\source\intermediate\etclib\r_wikigames_eng_win32\codetrans.obj
d:\ratrivals26\source\intermediate\etclib\r_wikigames_eng_win32\pknormaltimer.obj
d:\ratrivals26\source\intermediate\etclib\r_wikigames_eng_win32\atumnode.obj
d:\ratrivals26\source\intermediate\etclib\r_wikigames_eng_win32\imagemanager.obj
d:\ratrivals26\source\intermediate\etclib\r_wikigames_eng_win32\atumglobal.obj
d:\ratrivals26\source\intermediate\etclib\r_wikigames_eng_win32\skillinfo.obj
d:\ratrivals26\source\intermediate\etclib\r_wikigames_eng_win32\sha256.obj
d:\ratrivals26\source\intermediate\etclib\r_wikigames_eng_win32\inputmanager.obj
d:\ratrivals26\source\intermediate\etclib\r_wikigames_eng_win32\atumsj.obj
d:\ratrivals26\source\intermediate\etclib\r_wikigames_eng_win32\fileheader.obj
d:\ratrivals26\source\intermediate\etclib\r_wikigames_eng_win32\profiler.obj
d:\ratrivals26\source\intermediate\etclib\r_wikigames_eng_win32\functionloggfunctions.obj
d:\ratrivals26\source\intermediate\etclib\r_wikigames_eng_win32\abusefilter.obj
d:\ratrivals26\source\intermediate\etclib\r_wikigames_eng_win32\iexplore.obj
d:\ratrivals26\source\intermediate\etclib\r_wikigames_eng_win32\tutorialsystem.obj
d:\ratrivals26\source\intermediate\etclib\r_wikigames_eng_win32\functionlog.obj
d:\ratrivals26\source\intermediate\etclib\r_wikigames_eng_win32\uservariable.obj
d:\ratrivals26\source\intermediate\etclib\r_wikigames_eng_win32\ticktimeprocess.obj
d:\ratrivals26\source\intermediate\etclib\r_wikigames_eng_win32\etclib.pdb
d:\ratrivals26\source\build\lib\etclib.lib
d:\ratrivals26\source\client\..\build\lib\etclib.pdb
d:\ratrivals26\source\client\..\intermediate\etclib\r_wikigames_eng_win32\etclib.vcxproj.filelistabsolute.txt
d:\ratrivals26\source\intermediate\etclib\r_wikigames_eng_win32\etclib.tlog\cl.10040.write.1.tlog
d:\ratrivals26\source\intermediate\etclib\r_wikigames_eng_win32\etclib.tlog\cl.command.1.tlog
d:\ratrivals26\source\intermediate\etclib\r_wikigames_eng_win32\etclib.tlog\cl.items.tlog
d:\ratrivals26\source\intermediate\etclib\r_wikigames_eng_win32\etclib.tlog\cl.read.1.tlog
d:\ratrivals26\source\intermediate\etclib\r_wikigames_eng_win32\etclib.tlog\lib-link.write.1.tlog
d:\ratrivals26\source\intermediate\etclib\r_wikigames_eng_win32\etclib.tlog\lib.command.1.tlog
d:\ratrivals26\source\intermediate\etclib\r_wikigames_eng_win32\etclib.tlog\lib.read.1.tlog
d:\ratrivals26\source\intermediate\etclib\r_wikigames_eng_win32\etclib.tlog\metagen.read.1.tlog
d:\ratrivals26\source\intermediate\etclib\r_wikigames_eng_win32\etclib.tlog\metagen.write.1.tlog
d:\ratrivals26\source\intermediate\etclib\r_wikigames_eng_win32\etclib.tlog\clui.dll.bi
d:\ratrivals26\source\intermediate\etclib\r_wikigames_eng_win32\etclib.tlog\mspdbsrv.exe.bi
