  AtumData.cpp
  AtumDateTime.cpp
  AtumGlobal.cpp
  AtumNode.cpp
  AtumParamProtocol.cpp
  AtumParamProtocolFunctions.cpp
  AtumSJ.cpp
  MGameDecryption.cpp
  UserVariable.cpp
  sha256.cpp
  AbuseFilter.cpp
  AtumThread.cpp
  Cinema.cpp
  ClientParty.cpp
  FileHeader.cpp
  Frustum.cpp
  GameDataLast.cpp
  ImageManager.cpp
  InputManager.cpp
  ItemInfo.cpp
  PkNormalTimer.cpp
  Profiler.cpp
  Skill.cpp
  SkillInfo.cpp
  TickTimeProcess.cpp
  TutorialSystem.cpp
  WeaponItemInfo.cpp
  EtcLib.vcxproj -> D:\RatRivals26\Source\Build\Lib\EtcLib.lib
