d:\ratrivals26\source\intermediate\questloader\r_wikigames_eng_win32\questloaderparser.obj
d:\ratrivals26\source\intermediate\questloader\r_wikigames_eng_win32\uservariable.obj
d:\ratrivals26\source\intermediate\questloader\r_wikigames_eng_win32\questloader.l.obj
d:\ratrivals26\source\intermediate\questloader\r_wikigames_eng_win32\questloader.obj
d:\ratrivals26\source\intermediate\questloader\r_wikigames_eng_win32\quest.obj
d:\ratrivals26\source\intermediate\questloader\r_wikigames_eng_win32\main.obj
d:\ratrivals26\source\intermediate\questloader\r_wikigames_eng_win32\vc145.pdb
d:\ratrivals26\source\server\gameserver\questloader\.l.cpp
d:\ratrivals26\source\server\gameserver\questloader\.cpp
d:\ratrivals26\source\build\tools\questloader.exe
d:\ratrivals26\source\build\tools\questloader.pdb
d:\ratrivals26\source\intermediate\questloader\r_wikigames_eng_win32\questloader.ipdb
d:\ratrivals26\source\intermediate\questloader\r_wikigames_eng_win32\questloader.iobj
d:\ratrivals26\source\server\gameserver\..\..\build\tools\questloader.pdb
d:\ratrivals26\source\server\gameserver\..\..\intermediate\questloader\r_wikigames_eng_win32\questloader.vcxproj.filelistabsolute.txt
d:\ratrivals26\source\intermediate\questloader\r_wikigames_eng_win32\questloader.tlog\cl.10044.write.1.tlog
d:\ratrivals26\source\intermediate\questloader\r_wikigames_eng_win32\questloader.tlog\cl.command.1.tlog
d:\ratrivals26\source\intermediate\questloader\r_wikigames_eng_win32\questloader.tlog\cl.items.tlog
d:\ratrivals26\source\intermediate\questloader\r_wikigames_eng_win32\questloader.tlog\cl.read.1.tlog
d:\ratrivals26\source\intermediate\questloader\r_wikigames_eng_win32\questloader.tlog\custombuild.command.1.tlog
d:\ratrivals26\source\intermediate\questloader\r_wikigames_eng_win32\questloader.tlog\custombuild.read.1.tlog
d:\ratrivals26\source\intermediate\questloader\r_wikigames_eng_win32\questloader.tlog\custombuild.write.1.tlog
d:\ratrivals26\source\intermediate\questloader\r_wikigames_eng_win32\questloader.tlog\link.command.1.tlog
d:\ratrivals26\source\intermediate\questloader\r_wikigames_eng_win32\questloader.tlog\link.read.1.tlog
d:\ratrivals26\source\intermediate\questloader\r_wikigames_eng_win32\questloader.tlog\link.secondary.1.tlog
d:\ratrivals26\source\intermediate\questloader\r_wikigames_eng_win32\questloader.tlog\link.write.1.tlog
